Component: ARM Compiler 6.16 Tool: armlink [5dfeaa00]

==============================================================================

Section Cross References

    main.o(.text.main) refers to stm32f1xx_hal.o(.text.HAL_Init) for HAL_Init
    main.o(.text.main) refers to main.o(.text.SystemClock_Config) for SystemClock_Config
    main.o(.text.main) refers to gpio.o(.text.MX_GPIO_Init) for MX_GPIO_Init
    main.o(.text.main) refers to dma.o(.text.MX_DMA_Init) for MX_DMA_Init
    main.o(.text.main) refers to spi.o(.text.MX_SPI1_Init) for MX_SPI1_Init
    main.o(.text.main) refers to i2c.o(.text.MX_I2C1_Init) for MX_I2C1_Init
    main.o(.text.main) refers to tim.o(.text.MX_TIM1_Init) for MX_TIM1_Init
    main.o(.text.main) refers to usart.o(.text.MX_USART1_UART_Init) for MX_USART1_UART_Init
    main.o(.text.main) refers to oled.o(.text.OLED_Init) for OLED_Init
    main.o(.text.main) refers to mpu6050.o(.text.MPU6050_initialize) for MPU6050_initialize
    main.o(.text.main) refers to mpu6050.o(.text.DMP_Init) for DMP_Init
    main.o(.text.main) refers to mpu6050.o(.text.Read_DMP) for Read_DMP
    main.o(.text.main) refers to mpu6050.o(.bss.gyro) for gyro
    main.o(.text.main) refers to mpu6050.o(.bss.accel) for accel
    main.o(.text.main) refers to mpu6050.o(.bss.Pitch) for Pitch
    main.o(.text.main) refers to f2d.o(.text) for __aeabi_f2d
    main.o(.text.main) refers to mpu6050.o(.bss.Roll) for Roll
    main.o(.text.main) refers to mpu6050.o(.bss.Yaw) for Yaw
    main.o(.text.main) refers to main.o(.rodata.str1.1) for .L.str
    main.o(.text.main) refers to printfa.o(i.__0printf) for printf
    main.o(.text.main) refers to oled.o(.text.OLED_WriteString) for OLED_WriteString
    main.o(.text.main) refers to ffixi.o(.text) for __aeabi_f2iz
    main.o(.text.main) refers to oled.o(.text.OLED_WriteNumber) for OLED_WriteNumber
    main.o(.text.main) refers to oled.o(.text.OLED_Update) for OLED_Update
    main.o(.ARM.exidx.text.main) refers to main.o(.text.main) for [Anonymous Symbol]
    main.o(.text.SystemClock_Config) refers to memseta.o(.text) for __aeabi_memclr4
    main.o(.text.SystemClock_Config) refers to stm32f1xx_hal_rcc.o(.text.HAL_RCC_OscConfig) for HAL_RCC_OscConfig
    main.o(.text.SystemClock_Config) refers to main.o(.text.Error_Handler) for Error_Handler
    main.o(.text.SystemClock_Config) refers to stm32f1xx_hal_rcc.o(.text.HAL_RCC_ClockConfig) for HAL_RCC_ClockConfig
    main.o(.ARM.exidx.text.SystemClock_Config) refers to main.o(.text.SystemClock_Config) for [Anonymous Symbol]
    main.o(.text.Error_Handler) refers to main.o(.rodata.str1.1) for .L.str.4
    main.o(.text.Error_Handler) refers to printfa.o(i.__0printf) for printf
    main.o(.ARM.exidx.text.Error_Handler) refers to main.o(.text.Error_Handler) for [Anonymous Symbol]
    gpio.o(.text.MX_GPIO_Init) refers to stm32f1xx_hal_gpio.o(.text.HAL_GPIO_WritePin) for HAL_GPIO_WritePin
    gpio.o(.text.MX_GPIO_Init) refers to stm32f1xx_hal_gpio.o(.text.HAL_GPIO_Init) for HAL_GPIO_Init
    gpio.o(.ARM.exidx.text.MX_GPIO_Init) refers to gpio.o(.text.MX_GPIO_Init) for [Anonymous Symbol]
    dma.o(.text.MX_DMA_Init) refers to stm32f1xx_hal_cortex.o(.text.HAL_NVIC_SetPriority) for HAL_NVIC_SetPriority
    dma.o(.text.MX_DMA_Init) refers to stm32f1xx_hal_cortex.o(.text.HAL_NVIC_EnableIRQ) for HAL_NVIC_EnableIRQ
    dma.o(.ARM.exidx.text.MX_DMA_Init) refers to dma.o(.text.MX_DMA_Init) for [Anonymous Symbol]
    i2c.o(.text.MX_I2C1_Init) refers to i2c.o(.bss.hi2c1) for hi2c1
    i2c.o(.text.MX_I2C1_Init) refers to stm32f1xx_hal_i2c.o(.text.HAL_I2C_Init) for HAL_I2C_Init
    i2c.o(.text.MX_I2C1_Init) refers to main.o(.text.Error_Handler) for Error_Handler
    i2c.o(.ARM.exidx.text.MX_I2C1_Init) refers to i2c.o(.text.MX_I2C1_Init) for [Anonymous Symbol]
    i2c.o(.text.HAL_I2C_MspInit) refers to stm32f1xx_hal_gpio.o(.text.HAL_GPIO_Init) for HAL_GPIO_Init
    i2c.o(.text.HAL_I2C_MspInit) refers to i2c.o(.bss.hdma_i2c1_rx) for hdma_i2c1_rx
    i2c.o(.text.HAL_I2C_MspInit) refers to stm32f1xx_hal_dma.o(.text.HAL_DMA_Init) for HAL_DMA_Init
    i2c.o(.text.HAL_I2C_MspInit) refers to main.o(.text.Error_Handler) for Error_Handler
    i2c.o(.ARM.exidx.text.HAL_I2C_MspInit) refers to i2c.o(.text.HAL_I2C_MspInit) for [Anonymous Symbol]
    i2c.o(.text.HAL_I2C_MspDeInit) refers to stm32f1xx_hal_gpio.o(.text.HAL_GPIO_DeInit) for HAL_GPIO_DeInit
    i2c.o(.text.HAL_I2C_MspDeInit) refers to stm32f1xx_hal_dma.o(.text.HAL_DMA_DeInit) for HAL_DMA_DeInit
    i2c.o(.ARM.exidx.text.HAL_I2C_MspDeInit) refers to i2c.o(.text.HAL_I2C_MspDeInit) for [Anonymous Symbol]
    spi.o(.text.MX_SPI1_Init) refers to spi.o(.bss.hspi1) for hspi1
    spi.o(.text.MX_SPI1_Init) refers to stm32f1xx_hal_spi.o(.text.HAL_SPI_Init) for HAL_SPI_Init
    spi.o(.text.MX_SPI1_Init) refers to main.o(.text.Error_Handler) for Error_Handler
    spi.o(.ARM.exidx.text.MX_SPI1_Init) refers to spi.o(.text.MX_SPI1_Init) for [Anonymous Symbol]
[...]
    [Anonymous Symbol]                       0x080065e4   Section        0  inv_mpu_dmp_motion_driver.o(.text.dmp_enable_feature)
    [Anonymous Symbol]                       0x08006890   Section        0  inv_mpu_dmp_motion_driver.o(.text.dmp_enable_gyro_cal)
    [Anonymous Symbol]                       0x080068fc   Section        0  inv_mpu_dmp_motion_driver.o(.text.dmp_enable_lp_quat)
    [Anonymous Symbol]                       0x08006944   Section        0  inv_mpu_dmp_motion_driver.o(.text.dmp_load_motion_driver_firmware)
    [Anonymous Symbol]                       0x08006960   Section        0  inv_mpu_dmp_motion_driver.o(.text.dmp_read_fifo)
    [Anonymous Symbol]                       0x08006b34   Section        0  inv_mpu_dmp_motion_driver.o(.text.dmp_set_accel_bias)
    [Anonymous Symbol]                       0x08006c8c   Section        0  inv_mpu_dmp_motion_driver.o(.text.dmp_set_fifo_rate)
    [Anonymous Symbol]                       0x08006d30   Section        0  inv_mpu_dmp_motion_driver.o(.text.dmp_set_gyro_bias)
    [Anonymous Symbol]                       0x08006e80   Section        0  inv_mpu_dmp_motion_driver.o(.text.dmp_set_orientation)
    [Anonymous Symbol]                       0x08007030   Section        0  inv_mpu_dmp_motion_driver.o(.text.dmp_set_shake_reject_thresh)
    [Anonymous Symbol]                       0x08007088   Section        0  inv_mpu_dmp_motion_driver.o(.text.dmp_set_shake_reject_time)
    [Anonymous Symbol]                       0x080070c8   Section        0  inv_mpu_dmp_motion_driver.o(.text.dmp_set_shake_reject_timeout)
    [Anonymous Symbol]                       0x08007108   Section        0  inv_mpu_dmp_motion_driver.o(.text.dmp_set_tap_axes)
    [Anonymous Symbol]                       0x08007174   Section        0  inv_mpu_dmp_motion_driver.o(.text.dmp_set_tap_count)
    [Anonymous Symbol]                       0x080071c0   Section        0  inv_mpu_dmp_motion_driver.o(.text.dmp_set_tap_thresh)
    [Anonymous Symbol]                       0x080073bc   Section        0  inv_mpu_dmp_motion_driver.o(.text.dmp_set_tap_time)
    [Anonymous Symbol]                       0x080073fc   Section        0  inv_mpu_dmp_motion_driver.o(.text.dmp_set_tap_time_multi)
    [Anonymous Symbol]                       0x0800743c   Section        0  usart.o(.text.fputc)
    get_accel_prod_shift                     0x08007461   Thumb Code   262  inv_mpu.o(.text.get_accel_prod_shift)
    [Anonymous Symbol]                       0x08007460   Section        0  inv_mpu.o(.text.get_accel_prod_shift)
    get_st_biases                            0x08007569   Thumb Code  1376  inv_mpu.o(.text.get_st_biases)
    [Anonymous Symbol]                       0x08007568   Section        0  inv_mpu.o(.text.get_st_biases)
    gyro_self_test                           0x08007ac9   Thumb Code   354  inv_mpu.o(.text.gyro_self_test)
    [Anonymous Symbol]                       0x08007ac8   Section        0  inv_mpu.o(.text.gyro_self_test)
    [Anonymous Symbol]                       0x08007c2c   Section        0  mpui2c.o(.text.i2c_read)
    [Anonymous Symbol]                       0x08007c70   Section        0  mpui2c.o(.text.i2c_write)
    inv_orientation_matrix_to_scalar         0x08007cb5   Thumb Code    68  mpu6050.o(.text.inv_orientation_matrix_to_scalar)
    [Anonymous Symbol]                       0x08007cb4   Section        0  mpu6050.o(.text.inv_orientation_matrix_to_scalar)
    inv_row_2_scale                          0x08007cf9   Thumb Code   156  mpu6050.o(.text.inv_row_2_scale)
    [Anonymous Symbol]                       0x08007cf8   Section        0  mpu6050.o(.text.inv_row_2_scale)
    [Anonymous Symbol]                       0x08007d94   Section        0  main.o(.text.main)
    [Anonymous Symbol]                       0x08007f04   Section        0  inv_mpu.o(.text.mpu_configure_fifo)
    [Anonymous Symbol]                       0x08007fd8   Section        0  inv_mpu.o(.text.mpu_get_accel_fsr)
    [Anonymous Symbol]                       0x08008044   Section        0  inv_mpu.o(.text.mpu_get_accel_sens)
    [Anonymous Symbol]                       0x080080b8   Section        0  inv_mpu.o(.text.mpu_get_fifo_config)
    [Anonymous Symbol]                       0x080080d0   Section        0  inv_mpu.o(.text.mpu_get_gyro_fsr)
    [Anonymous Symbol]                       0x08008124   Section        0  inv_mpu.o(.text.mpu_get_gyro_sens)
    [Anonymous Symbol]                       0x0800818c   Section        0  inv_mpu.o(.text.mpu_get_lpf)
    [Anonymous Symbol]                       0x080081f0   Section        0  inv_mpu.o(.text.mpu_get_sample_rate)
    [Anonymous Symbol]                       0x08008228   Section        0  inv_mpu.o(.text.mpu_init)
    [Anonymous Symbol]                       0x08008478   Section        0  inv_mpu.o(.text.mpu_load_firmware)
    [Anonymous Symbol]                       0x080085ac   Section        0  inv_mpu.o(.text.mpu_lp_accel_mode)
    [Anonymous Symbol]                       0x080086d8   Section        0  inv_mpu.o(.text.mpu_read_fifo_stream)
    [Anonymous Symbol]                       0x08008800   Section        0  inv_mpu.o(.text.mpu_read_mem)
    [Anonymous Symbol]                       0x080088c0   Section        0  inv_mpu.o(.text.mpu_reset_fifo)
    [Anonymous Symbol]                       0x08008b50   Section        0  inv_mpu.o(.text.mpu_run_self_test)
    [Anonymous Symbol]                       0x08008cd8   Section        0  inv_mpu.o(.text.mpu_set_accel_fsr)
    [Anonymous Symbol]                       0x08008da0   Section        0  inv_mpu.o(.text.mpu_set_bypass)
    [Anonymous Symbol]                       0x08008f94   Section        0  inv_mpu.o(.text.mpu_set_dmp_state)
    [Anonymous Symbol]                       0x08009064   Section        0  inv_mpu.o(.text.mpu_set_gyro_fsr)
    [Anonymous Symbol]                       0x08009134   Section        0  inv_mpu.o(.text.mpu_set_int_latched)
    [Anonymous Symbol]                       0x080091ec   Section        0  inv_mpu.o(.text.mpu_set_lpf)
    [Anonymous Symbol]                       0x080092d0   Section        0  inv_mpu.o(.text.mpu_set_sample_rate)
    [Anonymous Symbol]                       0x080093cc   Section        0  inv_mpu.o(.text.mpu_set_sensors)
    [Anonymous Symbol]                       0x08009528   Section        0  inv_mpu.o(.text.mpu_write_mem)
    run_self_test                            0x080095e9   Thumb Code   150  mpu6050.o(.text.run_self_test)
    [Anonymous Symbol]                       0x080095e8   Section        0  mpu6050.o(.text.run_self_test)
    set_int_enable                           0x08009681   Thumb Code   242  inv_mpu.o(.text.set_int_enable)
    [Anonymous Symbol]                       0x08009680   Section        0  inv_mpu.o(.text.set_int_enable)
    i.__0printf                              0x08009774   Section        0  printfa.o(i.__0printf)
    i.__ARM_fpclassify                       0x08009794   Section        0  fpclassify.o(i.__ARM_fpclassify)
    i.__ARM_fpclassifyf                      0x080097bc   Section        0  fpclassifyf.o(i.__ARM_fpclassifyf)
    i.__kernel_poly                          0x080097e2   Section        0  poly.o(i.__kernel_poly)
    i.__mathlib_dbl_infnan                   0x0800988c   Section        0  dunder.o(i.__mathlib_dbl_infnan)
    i.__mathlib_dbl_infnan2                  0x08009892   Section        0  dunder.o(i.__mathlib_dbl_infnan2)
    i.__mathlib_dbl_underflow                0x08009898   Section        0  dunder.o(i.__mathlib_dbl_underflow)
    i.__mathlib_flt_infnan                   0x080098a8   Section        0  funder.o(i.__mathlib_flt_infnan)
    i.__mathlib_flt_invalid                  0x080098ae   Section        0  funder.o(i.__mathlib_flt_invalid)
    i.__mathlib_flt_underflow                0x080098b6   Section        0  funder.o(i.__mathlib_flt_underflow)
    i.__mathlib_rredf2                       0x080098c0   Section        0  rredf.o(i.__mathlib_rredf2)
    i.__scatterload_copy                     0x08009a28   Section       14  handlers.o(i.__scatterload_copy)
    i.__scatterload_null                     0x08009a36   Section        2  handlers.o(i.__scatterload_null)
    i.__scatterload_zeroinit                 0x08009a38   Section       14  handlers.o(i.__scatterload_zeroinit)
    i.__set_errno                            0x08009a48   Section        0  errno.o(i.__set_errno)
    _fp_digits                               0x08009a55   Thumb Code   366  printfa.o(i._fp_digits)
    i._fp_digits                             0x08009a54   Section        0  printfa.o(i._fp_digits)
    _printf_core                             0x08009bd9   Thumb Code  1744  printfa.o(i._printf_core)
    i._printf_core                           0x08009bd8   Section        0  printfa.o(i._printf_core)
    _printf_post_padding                     0x0800a2b5   Thumb Code    36  printfa.o(i._printf_post_padding)
    i._printf_post_padding                   0x0800a2b4   Section        0  printfa.o(i._printf_post_padding)
    _printf_pre_padding                      0x0800a2d9   Thumb Code    46  printfa.o(i._printf_pre_padding)
    i._printf_pre_padding                    0x0800a2d8   Section        0  printfa.o(i._printf_pre_padding)
    i.atan                                   0x0800a308   Section        0  atan.o(i.atan)
    i.atan2                                  0x0800a528   Section        0  atan2.o(i.atan2)
    i.sinf                                   0x0800a6c4   Section        0  sinf.o(i.sinf)
    atanhi                                   0x0800a850   Data          32  atan.o(.constdata)
    .constdata                               0x0800a850   Section      152  atan.o(.constdata)
    atanlo                                   0x0800a870   Data          32  atan.o(.constdata)
    aTodd                                    0x0800a890   Data          40  atan.o(.constdata)
    aTeven                                   0x0800a8b8   Data          48  atan.o(.constdata)
    .constdata                               0x0800a8e8   Section        8  qnan.o(.constdata)
    twooverpi                                0x0800a8f0   Data          32  rredf.o(.constdata)
    .constdata                               0x0800a8f0   Section       32  rredf.o(.constdata)
    dmp_memory                               0x0800a928   Data        3062  inv_mpu_dmp_motion_driver.o(.rodata.dmp_memory)
    [Anonymous Symbol]                       0x0800a928   Section        0  inv_mpu_dmp_motion_driver.o(.rodata.dmp_memory)
    .L.str                                   0x0800bb38   Data          60  main.o(.rodata.str1.1)
    [Anonymous Symbol]                       0x0800bb38   Section        0  main.o(.rodata.str1.1)
    .L.str.4                                 0x0800bb74   Data          15  main.o(.rodata.str1.1)
    .L.str.1                                 0x0800bb83   Data           6  main.o(.rodata.str1.1)
    .L.str.2                                 0x0800bb89   Data           5  main.o(.rodata.str1.1)
    .L.str.3                                 0x0800bb8e   Data           4  main.o(.rodata.str1.1)
    .L.str                                   0x0800bb92   Data          13  inv_mpu.o(.rodata.str1.1)
    .L.str.2                                 0x0800bb92   Data          77  inv_mpu.o(.rodata.str1.1)
    [Anonymous Symbol]                       0x0800bb92   Section        0  inv_mpu.o(.rodata.str1.1)
    .L.str.1                                 0x0800bbdf   Data          38  inv_mpu.o(.rodata.str1.1)
    .L.str.3                                 0x0800bc05   Data          30  inv_mpu.o(.rodata.str1.1)
    .L.str.3                                 0x0800bc23   Data          50  mpu6050.o(.rodata.str1.1)
    [Anonymous Symbol]                       0x0800bc23   Section        0  mpu6050.o(.rodata.str1.1)
    .L.str.5                                 0x0800bc55   Data          37  mpu6050.o(.rodata.str1.1)
    .L.str.2                                 0x0800bc7a   Data          38  mpu6050.o(.rodata.str1.1)
    .L.str.6                                 0x0800bca0   Data          36  mpu6050.o(.rodata.str1.1)
    .L.str.7                                 0x0800bcc4   Data          36  mpu6050.o(.rodata.str1.1)
    .L.str.4                                 0x0800bce8   Data          38  mpu6050.o(.rodata.str1.1)
    .L.str.1                                 0x0800bd0e   Data          37  mpu6050.o(.rodata.str1.1)
    .L.str                                   0x0800bd33   Data          33  mpu6050.o(.rodata.str1.1)
    .L.str.8                                 0x0800bd54   Data          34  mpu6050.o(.rodata.str1.1)
    .data                                    0x20000000   Section        4  stdout.o(.data)
    _errno                                   0x20000004   Data           4  errno.o(.data)
    .data                                    0x20000004   Section        4  errno.o(.data)
    gyro_orientation                         0x2000000c   Data           9  mpu6050.o(.data.gyro_orientation)
    [Anonymous Symbol]                       0x2000000c   Section        0  mpu6050.o(.data.gyro_orientation)
    st                                       0x2000001c   Data          44  inv_mpu.o(.data.st)
    [Anonymous Symbol]                       0x2000001c   Section        0  inv_mpu.o(.data.st)
    dmp                                      0x20000464   Data          16  inv_mpu_dmp_motion_driver.o(.bss.dmp)
    [Anonymous Symbol]                       0x20000464   Section        0  inv_mpu_dmp_motion_driver.o(.bss.dmp)
    STACK                                    0x20000650   Section     1024  startup_stm32f103xe.o(STACK)

    Global Symbols

    Symbol Name                              Value     Ov Type        Size  Object(Section)

    BuildAttributes$$THM_ISAv4$P$D$K$B$S$PE$A:L22UL41UL21$X:L11$S22US41US21$IEEE1$IW$~IW$USESV6$~STKCKD$USESV7$~SHL$OTIME$ROPI$IEEEX$EBA8$MICROLIB$REQ8$PRES8$EABIv2 0x00000000   Number         0  anon$$obj.o ABSOLUTE
    __cpp_initialize__aeabi_                  - Undefined Weak Reference
    __cxa_finalize                            - Undefined Weak Reference
    __decompress                              - Undefined Weak Reference
    _clock_init                               - Undefined Weak Reference
    _microlib_exit                            - Undefined Weak Reference
    __Vectors_Size                           0x00000130   Number         0  startup_stm32f103xe.o ABSOLUTE
    __Vectors                                0x08000000   Data           4  startup_stm32f103xe.o(RESET)
    __Vectors_End                            0x08000130   Data           0  startup_stm32f103xe.o(RESET)
    __main                                   0x08000131   Thumb Code     0  entry.o(.ARM.Collect$$$$00000000)
    _main_stk                                0x08000131   Thumb Code     0  entry2.o(.ARM.Collect$$$$00000001)
    _main_scatterload                        0x08000135   Thumb Code     0  entry5.o(.ARM.Collect$$$$00000004)
    __main_after_scatterload                 0x08000139   Thumb Code     0  entry5.o(.ARM.Collect$$$$00000004)
    _main_clock                              0x08000139   Thumb Code     0  entry7b.o(.ARM.Collect$$$$00000008)
    _main_cpp_init                           0x08000139   Thumb Code     0  entry8b.o(.ARM.Collect$$$$0000000A)
    _main_init                               0x08000139   Thumb Code     0  entry9a.o(.ARM.Collect$$$$0000000B)
    __rt_final_cpp                           0x08000141   Thumb Code     0  entry10a.o(.ARM.Collect$$$$0000000D)
    __rt_final_exit                          0x08000141   Thumb Code     0  entry11a.o(.ARM.Collect$$$$0000000F)
    Reset_Handler                            0x08000145   Thumb Code     8  startup_stm32f103xe.o(.text)
    ADC1_2_IRQHandler                        0x0800015f   Thumb Code     0  startup_stm32f103xe.o(.text)
    ADC3_IRQHandler                          0x0800015f   Thumb Code     0  startup_stm32f103xe.o(.text)
    CAN1_RX1_IRQHandler                      0x0800015f   Thumb Code     0  startup_stm32f103xe.o(.text)
    CAN1_SCE_IRQHandler                      0x0800015f   Thumb Code     0  startup_stm32f103xe.o(.text)
    DMA1_Channel1_IRQHandler                 0x0800015f   Thumb Code     0  startup_stm32f103xe.o(.text)
    DMA1_Channel2_IRQHandler                 0x0800015f   Thumb Code     0  startup_stm32f103xe.o(.text)
    DMA1_Channel4_IRQHandler                 0x0800015f   Thumb Code     0  startup_stm32f103xe.o(.text)
    DMA1_Channel5_IRQHandler                 0x0800015f   Thumb Code     0  startup_stm32f103xe.o(.text)
    DMA1_Channel6_IRQHandler                 0x0800015f   Thumb Code     0  startup_stm32f103xe.o(.text)
    DMA2_Channel1_IRQHandler                 0x0800015f   Thumb Code     0  startup_stm32f103xe.o(.text)
    DMA2_Channel2_IRQHandler                 0x0800015f   Thumb Code     0  startup_stm32f103xe.o(.text)
    DMA2_Channel3_IRQHandler                 0x0800015f   Thumb Code     0  startup_stm32f103xe.o(.text)
    DMA2_Channel4_5_IRQHandler               0x0800015f   Thumb Code     0  startup_stm32f103xe.o(.text)
    EXTI0_IRQHandler                         0x0800015f   Thumb Code     0  startup_stm32f103xe.o(.text)
    EXTI15_10_IRQHandler                     0x0800015f   Thumb Code     0  startup_stm32f103xe.o(.text)
    EXTI1_IRQHandler                         0x0800015f   Thumb Code     0  startup_stm32f103xe.o(.text)
    EXTI2_IRQHandler                         0x0800015f   Thumb Code     0  startup_stm32f103xe.o(.text)
    EXTI3_IRQHandler                         0x0800015f   Thumb Code     0  startup_stm32f103xe.o(.text)
    EXTI4_IRQHandler                         0x0800015f   Thumb Code     0  startup_stm32f103xe.o(.text)
    EXTI9_5_IRQHandler                       0x0800015f   Thumb Code     0  startup_stm32f103xe.o(.text)
    FLASH_IRQHandler                         0x0800015f   Thumb Code     0  startup_stm32f103xe.o(.text)
    FSMC_IRQHandler                          0x0800015f   Thumb Code     0  startup_stm32f103xe.o(.text)
    I2C1_ER_IRQHandler                       0x0800015f   Thumb Code     0  startup_stm32f103xe.o(.text)
    I2C1_EV_IRQHandler                       0x0800015f   Thumb Code     0  startup_stm32f103xe.o(.text)
    I2C2_ER_IRQHandler                       0x0800015f   Thumb Code     0  startup_stm32f103xe.o(.text)
    I2C2_EV_IRQHandler                       0x0800015f   Thumb Code     0  startup_stm32f103xe.o(.text)
    PVD_IRQHandler                           0x0800015f   Thumb Code     0  startup_stm32f103xe.o(.text)
    RCC_IRQHandler                           0x0800015f   Thumb Code     0  startup_stm32f103xe.o(.text)
    RTC_Alarm_IRQHandler                     0x0800015f   Thumb Code     0  startup_stm32f103xe.o(.text)
    RTC_IRQHandler                           0x0800015f   Thumb Code     0  startup_stm32f103xe.o(.text)
    SDIO_IRQHandler                          0x0800015f   Thumb Code     0  startup_stm32f103xe.o(.text)
    SPI2_IRQHandler                          0x0800015f   Thumb Code     0  startup_stm32f103xe.o(.text)
    SPI3_IRQHandler                          0x0800015f   Thumb Code     0  startup_stm32f103xe.o(.text)
    TAMPER_IRQHandler                        0x0800015f   Thumb Code     0  startup_stm32f103xe.o(.text)
    TIM1_BRK_IRQHandler                      0x0800015f   Thumb Code     0  startup_stm32f103xe.o(.text)
    TIM1_CC_IRQHandler                       0x0800015f   Thumb Code     0  startup_stm32f103xe.o(.text)
    TIM1_TRG_COM_IRQHandler                  0x0800015f   Thumb Code     0  startup_stm32f103xe.o(.text)
    TIM2_IRQHandler                          0x0800015f   Thumb Code     0  startup_stm32f103xe.o(.text)
    TIM3_IRQHandler                          0x0800015f   Thumb Code     0  startup_stm32f103xe.o(.text)
    TIM4_IRQHandler                          0x0800015f   Thumb Code     0  startup_stm32f103xe.o(.text)
    TIM5_IRQHandler                          0x0800015f   Thumb Code     0  startup_stm32f103xe.o(.text)
    TIM6_IRQHandler                          0x0800015f   Thumb Code     0  startup_stm32f103xe.o(.text)
    TIM7_IRQHandler                          0x0800015f   Thumb Code     0  startup_stm32f103xe.o(.text)
    TIM8_BRK_IRQHandler                      0x0800015f   Thumb Code     0  startup_stm32f103xe.o(.text)
    TIM8_CC_IRQHandler                       0x0800015f   Thumb Code     0  startup_stm32f103xe.o(.text)
    TIM8_TRG_COM_IRQHandler                  0x0800015f   Thumb Code     0  startup_stm32f103xe.o(.text)
    TIM8_UP_IRQHandler                       0x0800015f   Thumb Code     0  startup_stm32f103xe.o(.text)
    UART4_IRQHandler                         0x0800015f   Thumb Code     0  startup_stm32f103xe.o(.text)
    UART5_IRQHandler                         0x0800015f   Thumb Code     0  startup_stm32f103xe.o(.text)
    USART2_IRQHandler                        0x0800015f   Thumb Code     0  startup_stm32f103xe.o(.text)
    USART3_IRQHandler                        0x0800015f   Thumb Code     0  startup_stm32f103xe.o(.text)
    USBWakeUp_IRQHandler                     0x0800015f   Thumb Code     0  startup_stm32f103xe.o(.text)
    USB_HP_CAN1_TX_IRQHandler                0x0800015f   Thumb Code     0  startup_stm32f103xe.o(.text)
    USB_LP_CAN1_RX0_IRQHandler               0x0800015f   Thumb Code     0  startup_stm32f103xe.o(.text)
    WWDG_IRQHandler                          0x0800015f   Thumb Code     0  startup_stm32f103xe.o(.text)
    __aeabi_ldivmod                          0x08000169   Thumb Code    98  ldiv.o(.text)
    abs                                      0x080001cb   Thumb Code     8  ilabs.o(.text)
    labs                                     0x080001cb   Thumb Code     0  ilabs.o(.text)
    __aeabi_memset                           0x080001d3   Thumb Code    14  memseta.o(.text)
    __aeabi_memset4                          0x080001d3   Thumb Code     0  memseta.o(.text)
    __aeabi_memset8                          0x080001d3   Thumb Code     0  memseta.o(.text)
    __aeabi_memclr                           0x080001e1   Thumb Code     4  memseta.o(.text)
    __aeabi_memclr4                          0x080001e1   Thumb Code     0  memseta.o(.text)
    __aeabi_memclr8                          0x080001e1   Thumb Code     0  memseta.o(.text)
    _memset$wrapper                          0x080001e5   Thumb Code    18  memseta.o(.text)
    memcmp                                   0x080001f7   Thumb Code    26  memcmp.o(.text)
    __aeabi_fadd                             0x08000211   Thumb Code   164  fadd.o(.text)
    __aeabi_fsub                             0x080002b5   Thumb Code     6  fadd.o(.text)
    __aeabi_frsub                            0x080002bb   Thumb Code     6  fadd.o(.text)
    __aeabi_fmul                             0x080002c1   Thumb Code   100  fmul.o(.text)
    __aeabi_fdiv                             0x08000325   Thumb Code   124  fdiv.o(.text)
    __aeabi_dadd                             0x080003a1   Thumb Code   322  dadd.o(.text)
    __aeabi_dsub                             0x080004e3   Thumb Code     6  dadd.o(.text)
    __aeabi_drsub                            0x080004e9   Thumb Code     6  dadd.o(.text)
    __aeabi_dmul                             0x080004ef   Thumb Code   228  dmul.o(.text)
    __aeabi_fcmple                           0x080005d3   Thumb Code    28  fcmple.o(.text)
    __aeabi_fcmplt                           0x080005ef   Thumb Code    28  fcmplt.o(.text)
    __aeabi_fcmpeq                           0x0800060b   Thumb Code    28  fcmpeq.o(.text)
    __aeabi_i2f                              0x08000627   Thumb Code    18  fflti.o(.text)
    __aeabi_ui2f                             0x08000639   Thumb Code    10  ffltui.o(.text)
    __aeabi_f2iz                             0x08000643   Thumb Code    50  ffixi.o(.text)
    __aeabi_f2d                              0x08000675   Thumb Code    38  f2d.o(.text)
    __aeabi_d2f                              0x0800069b   Thumb Code    56  d2f.o(.text)
    __aeabi_uidiv                            0x080006d3   Thumb Code     0  uidiv.o(.text)
    __aeabi_uidivmod                         0x080006d3   Thumb Code    44  uidiv.o(.text)
    __aeabi_uldivmod                         0x080006ff   Thumb Code    98  uldiv.o(.text)
    __aeabi_llsl                             0x08000761   Thumb Code    30  llshl.o(.text)
    _ll_shift_l                              0x08000761   Thumb Code     0  llshl.o(.text)
    __aeabi_lasr                             0x0800077f   Thumb Code    36  llsshr.o(.text)
    _ll_sshift_r                             0x0800077f   Thumb Code     0  llsshr.o(.text)
    __I$use$fp                               0x080007a3   Thumb Code     0  iusefp.o(.text)
    _float_round                             0x080007a3   Thumb Code    18  fepilogue.o(.text)
    _float_epilogue                          0x080007b5   Thumb Code    92  fepilogue.o(.text)
    _frnd                                    0x08000811   Thumb Code    60  frnd.o(.text)
    _double_round                            0x0800084d   Thumb Code    30  depilogue.o(.text)
    _double_epilogue                         0x0800086b   Thumb Code   156  depilogue.o(.text)
    __aeabi_ddiv                             0x08000907   Thumb Code   222  ddiv.o(.text)
    __aeabi_d2ulz                            0x080009e5   Thumb Code    48  dfixul.o(.text)
    __aeabi_cdcmpeq                          0x08000a15   Thumb Code     0  cdcmple.o(.text)
    __aeabi_cdcmple                          0x08000a15   Thumb Code    48  cdcmple.o(.text)
    __aeabi_cdrcmple                         0x08000a45   Thumb Code    48  cdrcmple.o(.text)
    __scatterload                            0x08000a75   Thumb Code    28  init.o(.text)
    __scatterload_rt2                        0x08000a75   Thumb Code     0  init.o(.text)
    __aeabi_llsr                             0x08000a99   Thumb Code    32  llushr.o(.text)
    _ll_ushift_r                             0x08000a99   Thumb Code     0  llushr.o(.text)
    __ARM_scalbnf                            0x08000ab9   Thumb Code    24  fscalb.o(.text)
    scalbnf                                  0x08000ab9   Thumb Code     0  fscalb.o(.text)
    __ARM_scalbn                             0x08000ad1   Thumb Code    46  dscalb.o(.text)
    scalbn                                   0x08000ad1   Thumb Code     0  dscalb.o(.text)
    BusFault_Handler                         0x08000b01   Thumb Code     4  stm32f1xx_it.o(.text.BusFault_Handler)
    DMA1_Channel3_IRQHandler                 0x08000b05   Thumb Code    16  stm32f1xx_it.o(.text.DMA1_Channel3_IRQHandler)
    DMA1_Channel7_IRQHandler                 0x08000b15   Thumb Code    16  stm32f1xx_it.o(.text.DMA1_Channel7_IRQHandler)
    DMP_Init                                 0x08000b75   Thumb Code   224  mpu6050.o(.text.DMP_Init)
    DebugMon_Handler                         0x08000c55   Thumb Code     2  stm32f1xx_it.o(.text.DebugMon_Handler)
    Error_Handler                            0x08000c59   Thumb Code    28  main.o(.text.Error_Handler)
    HAL_DMA_Abort                            0x08000c75   Thumb Code   124  stm32f1xx_hal_dma.o(.text.HAL_DMA_Abort)
    HAL_DMA_Abort_IT                         0x08000cf1   Thumb Code   792  stm32f1xx_hal_dma.o(.text.HAL_DMA_Abort_IT)
    HAL_DMA_IRQHandler                       0x08001009   Thumb Code  1668  stm32f1xx_hal_dma.o(.text.HAL_DMA_IRQHandler)
    HAL_DMA_Init                             0x0800168d   Thumb Code   244  stm32f1xx_hal_dma.o(.text.HAL_DMA_Init)
    HAL_DMA_Start_IT                         0x08001781   Thumb Code   202  stm32f1xx_hal_dma.o(.text.HAL_DMA_Start_IT)
    HAL_Delay                                0x0800184d   Thumb Code    66  stm32f1xx_hal.o(.text.HAL_Delay)
    HAL_GPIO_Init                            0x08001891   Thumb Code   854  stm32f1xx_hal_gpio.o(.text.HAL_GPIO_Init)
    HAL_GPIO_WritePin                        0x08001be9   Thumb Code    46  stm32f1xx_hal_gpio.o(.text.HAL_GPIO_WritePin)
    HAL_GetTick                              0x08001c19   Thumb Code    12  stm32f1xx_hal.o(.text.HAL_GetTick)
    HAL_I2C_Init                             0x08001c25   Thumb Code   676  stm32f1xx_hal_i2c.o(.text.HAL_I2C_Init)
    HAL_I2C_Mem_Read                         0x08001ec9   Thumb Code  1222  stm32f1xx_hal_i2c.o(.text.HAL_I2C_Mem_Read)
    HAL_I2C_Mem_Write                        0x08002391   Thumb Code   528  stm32f1xx_hal_i2c.o(.text.HAL_I2C_Mem_Write)
    HAL_I2C_MspInit                          0x080025a1   Thumb Code   200  i2c.o(.text.HAL_I2C_MspInit)
    HAL_IncTick                              0x08002669   Thumb Code    26  stm32f1xx_hal.o(.text.HAL_IncTick)
    HAL_Init                                 0x08002685   Thumb Code    44  stm32f1xx_hal.o(.text.HAL_Init)
    HAL_InitTick                             0x080026b1   Thumb Code   112  stm32f1xx_hal.o(.text.HAL_InitTick)
    HAL_MspInit                              0x08002721   Thumb Code   100  stm32f1xx_hal_msp.o(.text.HAL_MspInit)
    HAL_NVIC_EnableIRQ                       0x08002785   Thumb Code    20  stm32f1xx_hal_cortex.o(.text.HAL_NVIC_EnableIRQ)
    HAL_NVIC_SetPriority                     0x08002799   Thumb Code    50  stm32f1xx_hal_cortex.o(.text.HAL_NVIC_SetPriority)
    HAL_NVIC_SetPriorityGrouping             0x080027cd   Thumb Code    16  stm32f1xx_hal_cortex.o(.text.HAL_NVIC_SetPriorityGrouping)
    HAL_RCC_ClockConfig                      0x080027dd   Thumb Code   598  stm32f1xx_hal_rcc.o(.text.HAL_RCC_ClockConfig)
    HAL_RCC_GetHCLKFreq                      0x08002a35   Thumb Code    12  stm32f1xx_hal_rcc.o(.text.HAL_RCC_GetHCLKFreq)
    HAL_RCC_GetPCLK1Freq                     0x08002a41   Thumb Code    34  stm32f1xx_hal_rcc.o(.text.HAL_RCC_GetPCLK1Freq)
    HAL_RCC_GetPCLK2Freq                     0x08002a65   Thumb Code    34  stm32f1xx_hal_rcc.o(.text.HAL_RCC_GetPCLK2Freq)
    HAL_RCC_GetSysClockFreq                  0x08002a89   Thumb Code   228  stm32f1xx_hal_rcc.o(.text.HAL_RCC_GetSysClockFreq)
    HAL_RCC_OscConfig                        0x08002b6d   Thumb Code  1658  stm32f1xx_hal_rcc.o(.text.HAL_RCC_OscConfig)
    HAL_SPI_ErrorCallback                    0x080031e9   Thumb Code     8  stm32f1xx_hal_spi.o(.text.HAL_SPI_ErrorCallback)
    HAL_SPI_IRQHandler                       0x080031f1   Thumb Code   508  stm32f1xx_hal_spi.o(.text.HAL_SPI_IRQHandler)
    HAL_SPI_Init                             0x080033ed   Thumb Code   248  stm32f1xx_hal_spi.o(.text.HAL_SPI_Init)
    HAL_SPI_MspInit                          0x080034e5   Thumb Code   220  spi.o(.text.HAL_SPI_MspInit)
    HAL_SPI_Transmit                         0x080035c1   Thumb Code   644  stm32f1xx_hal_spi.o(.text.HAL_SPI_Transmit)
    HAL_SPI_Transmit_DMA                     0x08003845   Thumb Code   368  stm32f1xx_hal_spi.o(.text.HAL_SPI_Transmit_DMA)
    HAL_SPI_TxCpltCallback                   0x080039b5   Thumb Code     8  stm32f1xx_hal_spi.o(.text.HAL_SPI_TxCpltCallback)
    HAL_SPI_TxHalfCpltCallback               0x080039bd   Thumb Code     8  stm32f1xx_hal_spi.o(.text.HAL_SPI_TxHalfCpltCallback)
    HAL_SYSTICK_Config                       0x080039c5   Thumb Code    16  stm32f1xx_hal_cortex.o(.text.HAL_SYSTICK_Config)
    HAL_TIMEx_BreakCallback                  0x080039d5   Thumb Code     8  stm32f1xx_hal_tim_ex.o(.text.HAL_TIMEx_BreakCallback)
    HAL_TIMEx_CommutCallback                 0x080039dd   Thumb Code     8  stm32f1xx_hal_tim_ex.o(.text.HAL_TIMEx_CommutCallback)
    HAL_TIMEx_MasterConfigSynchronization    0x080039e5   Thumb Code   256  stm32f1xx_hal_tim_ex.o(.text.HAL_TIMEx_MasterConfigSynchronization)
    HAL_TIM_Base_Init                        0x08003ae5   Thumb Code   156  stm32f1xx_hal_tim.o(.text.HAL_TIM_Base_Init)
    HAL_TIM_Base_MspInit                     0x08003b81   Thumb Code    78  tim.o(.text.HAL_TIM_Base_MspInit)
    HAL_TIM_ConfigClockSource                0x08003bd1   Thumb Code   374  stm32f1xx_hal_tim.o(.text.HAL_TIM_ConfigClockSource)
    HAL_TIM_IC_CaptureCallback               0x08003d49   Thumb Code     8  stm32f1xx_hal_tim.o(.text.HAL_TIM_IC_CaptureCallback)
    HAL_TIM_IRQHandler                       0x08003d51   Thumb Code   634  stm32f1xx_hal_tim.o(.text.HAL_TIM_IRQHandler)
    HAL_TIM_OC_DelayElapsedCallback          0x08003fcd   Thumb Code     8  stm32f1xx_hal_tim.o(.text.HAL_TIM_OC_DelayElapsedCallback)
    HAL_TIM_PWM_PulseFinishedCallback        0x08003fd5   Thumb Code     8  stm32f1xx_hal_tim.o(.text.HAL_TIM_PWM_PulseFinishedCallback)
    HAL_TIM_PeriodElapsedCallback            0x08003fdd   Thumb Code     8  stm32f1xx_hal_tim.o(.text.HAL_TIM_PeriodElapsedCallback)
    HAL_TIM_TriggerCallback                  0x08003fe5   Thumb Code     8  stm32f1xx_hal_tim.o(.text.HAL_TIM_TriggerCallback)
    HAL_UARTEx_RxEventCallback               0x08003fed   Thumb Code    12  stm32f1xx_hal_uart.o(.text.HAL_UARTEx_RxEventCallback)
    HAL_UART_ErrorCallback                   0x08003ff9   Thumb Code     8  stm32f1xx_hal_uart.o(.text.HAL_UART_ErrorCallback)
    HAL_UART_IRQHandler                      0x08004001   Thumb Code   836  stm32f1xx_hal_uart.o(.text.HAL_UART_IRQHandler)
    HAL_UART_Init                            0x08004345   Thumb Code   154  stm32f1xx_hal_uart.o(.text.HAL_UART_Init)
    HAL_UART_MspInit                         0x080043e1   Thumb Code   172  usart.o(.text.HAL_UART_MspInit)
    HAL_UART_RxCpltCallback                  0x0800448d   Thumb Code     8  stm32f1xx_hal_uart.o(.text.HAL_UART_RxCpltCallback)
    HAL_UART_Transmit                        0x08004495   Thumb Code   334  stm32f1xx_hal_uart.o(.text.HAL_UART_Transmit)
    HAL_UART_TxCpltCallback                  0x080045e5   Thumb Code     8  stm32f1xx_hal_uart.o(.text.HAL_UART_TxCpltCallback)
    HardFault_Handler                        0x080045ed   Thumb Code     4  stm32f1xx_it.o(.text.HardFault_Handler)
    IICwriteBit                              0x08004d39   Thumb Code   110  mpui2c.o(.text.IICwriteBit)
    IICwriteBits                             0x08004da9   Thumb Code   174  mpui2c.o(.text.IICwriteBits)
    MPU6050_initialize                       0x08004e59   Thumb Code    46  mpu6050.o(.text.MPU6050_initialize)
    MPU6050_setClockSource                   0x08004e89   Thumb Code    32  mpu6050.o(.text.MPU6050_setClockSource)
    MPU6050_setFullScaleAccelRange           0x08004ea9   Thumb Code    32  mpu6050.o(.text.MPU6050_setFullScaleAccelRange)
    MPU6050_setFullScaleGyroRange            0x08004ec9   Thumb Code    32  mpu6050.o(.text.MPU6050_setFullScaleGyroRange)
    MPU6050_setI2CBypassEnabled              0x08004ee9   Thumb Code    26  mpu6050.o(.text.MPU6050_setI2CBypassEnabled)
    MPU6050_setI2CMasterModeEnabled          0x08004f05   Thumb Code    26  mpu6050.o(.text.MPU6050_setI2CMasterModeEnabled)
    MPU6050_setSleepEnabled                  0x08004f21   Thumb Code    26  mpu6050.o(.text.MPU6050_setSleepEnabled)
    MX_DMA_Init                              0x08004f3d   Thumb Code    76  dma.o(.text.MX_DMA_Init)
    MX_GPIO_Init                             0x08004f89   Thumb Code   154  gpio.o(.text.MX_GPIO_Init)
    MX_I2C1_Init                             0x08005025   Thumb Code    72  i2c.o(.text.MX_I2C1_Init)
    MX_SPI1_Init                             0x0800506d   Thumb Code    78  spi.o(.text.MX_SPI1_Init)
    MX_TIM1_Init                             0x080050bd   Thumb Code   138  tim.o(.text.MX_TIM1_Init)
    MX_USART1_UART_Init                      0x08005149   Thumb Code    64  usart.o(.text.MX_USART1_UART_Init)
    MemManage_Handler                        0x08005189   Thumb Code     4  stm32f1xx_it.o(.text.MemManage_Handler)
    NMI_Handler                              0x0800518d   Thumb Code     4  stm32f1xx_it.o(.text.NMI_Handler)
    OLED_Clean                               0x080051fd   Thumb Code    56  oled.o(.text.OLED_Clean)
    OLED_DrawPixel                           0x08005235   Thumb Code   116  oled.o(.text.OLED_DrawPixel)
    OLED_Init                                0x080052a9   Thumb Code   214  oled.o(.text.OLED_Init)
    OLED_Reset                               0x08005381   Thumb Code    52  oled.o(.text.OLED_Reset)
    OLED_Update                              0x080053b5   Thumb Code    38  oled.o(.text.OLED_Update)
    OLED_WriteChar                           0x080053dd   Thumb Code   388  oled.o(.text.OLED_WriteChar)
    OLED_WriteCmd                            0x08005561   Thumb Code    50  oled.o(.text.OLED_WriteCmd)
    OLED_WriteData                           0x08005595   Thumb Code    68  oled.o(.text.OLED_WriteData)
    OLED_WriteNumber                         0x080055d9   Thumb Code   308  oled.o(.text.OLED_WriteNumber)
    OLED_WriteString                         0x0800570d   Thumb Code    62  oled.o(.text.OLED_WriteString)
    PendSV_Handler                           0x0800574d   Thumb Code     2  stm32f1xx_it.o(.text.PendSV_Handler)
    Read_DMP                                 0x0800578d   Thumb Code   576  mpu6050.o(.text.Read_DMP)
    SPI1_IRQHandler                          0x080059cd   Thumb Code    16  stm32f1xx_it.o(.text.SPI1_IRQHandler)
    SVC_Handler                              0x08005c5d   Thumb Code     2  stm32f1xx_it.o(.text.SVC_Handler)
    SysTick_Handler                          0x08005cb5   Thumb Code     8  stm32f1xx_it.o(.text.SysTick_Handler)
    SystemClock_Config                       0x08005cbd   Thumb Code   108  main.o(.text.SystemClock_Config)
    SystemInit                               0x08005d29   Thumb Code     2  system_stm32f1xx.o(.text.SystemInit)
    TIM1_UP_IRQHandler                       0x08005d2d   Thumb Code    16  stm32f1xx_it.o(.text.TIM1_UP_IRQHandler)
    TIM_Base_SetConfig                       0x08005d3d   Thumb Code   320  stm32f1xx_hal_tim.o(.text.TIM_Base_SetConfig)
    TIM_ETR_SetConfig                        0x08005e7d   Thumb Code    52  stm32f1xx_hal_tim.o(.text.TIM_ETR_SetConfig)
    USART1_IRQHandler                        0x08006349   Thumb Code    16  stm32f1xx_it.o(.text.USART1_IRQHandler)
    UsageFault_Handler                       0x08006359   Thumb Code     4  stm32f1xx_it.o(.text.UsageFault_Handler)
    dmp_enable_6x_lp_quat                    0x0800659d   Thumb Code    70  inv_mpu_dmp_motion_driver.o(.text.dmp_enable_6x_lp_quat)
    dmp_enable_feature                       0x080065e5   Thumb Code   682  inv_mpu_dmp_motion_driver.o(.text.dmp_enable_feature)
    dmp_enable_gyro_cal                      0x08006891   Thumb Code   106  inv_mpu_dmp_motion_driver.o(.text.dmp_enable_gyro_cal)
    dmp_enable_lp_quat                       0x080068fd   Thumb Code    70  inv_mpu_dmp_motion_driver.o(.text.dmp_enable_lp_quat)
    dmp_load_motion_driver_firmware          0x08006945   Thumb Code    26  inv_mpu_dmp_motion_driver.o(.text.dmp_load_motion_driver_firmware)
    dmp_read_fifo                            0x08006961   Thumb Code   468  inv_mpu_dmp_motion_driver.o(.text.dmp_read_fifo)
    dmp_set_accel_bias                       0x08006b35   Thumb Code   342  inv_mpu_dmp_motion_driver.o(.text.dmp_set_accel_bias)
    dmp_set_fifo_rate                        0x08006c8d   Thumb Code   164  inv_mpu_dmp_motion_driver.o(.text.dmp_set_fifo_rate)
    dmp_set_gyro_bias                        0x08006d31   Thumb Code   336  inv_mpu_dmp_motion_driver.o(.text.dmp_set_gyro_bias)
    dmp_set_orientation                      0x08006e81   Thumb Code   432  inv_mpu_dmp_motion_driver.o(.text.dmp_set_orientation)
    dmp_set_shake_reject_thresh              0x08007031   Thumb Code    86  inv_mpu_dmp_motion_driver.o(.text.dmp_set_shake_reject_thresh)
    dmp_set_shake_reject_time                0x08007089   Thumb Code    62  inv_mpu_dmp_motion_driver.o(.text.dmp_set_shake_reject_time)
    dmp_set_shake_reject_timeout             0x080070c9   Thumb Code    62  inv_mpu_dmp_motion_driver.o(.text.dmp_set_shake_reject_timeout)
    dmp_set_tap_axes                         0x08007109   Thumb Code   108  inv_mpu_dmp_motion_driver.o(.text.dmp_set_tap_axes)
    dmp_set_tap_count                        0x08007175   Thumb Code    74  inv_mpu_dmp_motion_driver.o(.text.dmp_set_tap_count)
    dmp_set_tap_thresh                       0x080071c1   Thumb Code   508  inv_mpu_dmp_motion_driver.o(.text.dmp_set_tap_thresh)
    dmp_set_tap_time                         0x080073bd   Thumb Code    64  inv_mpu_dmp_motion_driver.o(.text.dmp_set_tap_time)
    dmp_set_tap_time_multi                   0x080073fd   Thumb Code    64  inv_mpu_dmp_motion_driver.o(.text.dmp_set_tap_time_multi)
    fputc                                    0x0800743d   Thumb Code    34  usart.o(.text.fputc)
    i2c_read                                 0x08007c2d   Thumb Code    68  mpui2c.o(.text.i2c_read)
    i2c_write                                0x08007c71   Thumb Code    68  mpui2c.o(.text.i2c_write)
    main                                     0x08007d95   Thumb Code   368  main.o(.text.main)
    mpu_configure_fifo                       0x08007f05   Thumb Code   210  inv_mpu.o(.text.mpu_configure_fifo)
    mpu_get_accel_fsr                        0x08007fd9   Thumb Code   108  inv_mpu.o(.text.mpu_get_accel_fsr)
    mpu_get_accel_sens                       0x08008045   Thumb Code   116  inv_mpu.o(.text.mpu_get_accel_sens)
    mpu_get_fifo_config                      0x080080b9   Thumb Code    24  inv_mpu.o(.text.mpu_get_fifo_config)
    mpu_get_gyro_fsr                         0x080080d1   Thumb Code    84  inv_mpu.o(.text.mpu_get_gyro_fsr)
    mpu_get_gyro_sens                        0x08008125   Thumb Code   104  inv_mpu.o(.text.mpu_get_gyro_sens)
    mpu_get_lpf                              0x0800818d   Thumb Code   100  inv_mpu.o(.text.mpu_get_lpf)
    mpu_get_sample_rate                      0x080081f1   Thumb Code    56  inv_mpu.o(.text.mpu_get_sample_rate)
    mpu_init                                 0x08008229   Thumb Code   592  inv_mpu.o(.text.mpu_init)
    mpu_load_firmware                        0x08008479   Thumb Code   308  inv_mpu.o(.text.mpu_load_firmware)
    mpu_lp_accel_mode                        0x080085ad   Thumb Code   298  inv_mpu.o(.text.mpu_lp_accel_mode)
    mpu_read_fifo_stream                     0x080086d9   Thumb Code   296  inv_mpu.o(.text.mpu_read_fifo_stream)
    mpu_read_mem                             0x08008801   Thumb Code   190  inv_mpu.o(.text.mpu_read_mem)
    mpu_reset_fifo                           0x080088c1   Thumb Code   656  inv_mpu.o(.text.mpu_reset_fifo)
    mpu_run_self_test                        0x08008b51   Thumb Code   392  inv_mpu.o(.text.mpu_run_self_test)
    mpu_set_accel_fsr                        0x08008cd9   Thumb Code   200  inv_mpu.o(.text.mpu_set_accel_fsr)
    mpu_set_bypass                           0x08008da1   Thumb Code   498  inv_mpu.o(.text.mpu_set_bypass)
    mpu_set_dmp_state                        0x08008f95   Thumb Code   208  inv_mpu.o(.text.mpu_set_dmp_state)
    mpu_set_gyro_fsr                         0x08009065   Thumb Code   208  inv_mpu.o(.text.mpu_set_gyro_fsr)
    mpu_set_int_latched                      0x08009135   Thumb Code   184  inv_mpu.o(.text.mpu_set_int_latched)
    mpu_set_lpf                              0x080091ed   Thumb Code   226  inv_mpu.o(.text.mpu_set_lpf)
    mpu_set_sample_rate                      0x080092d1   Thumb Code   250  inv_mpu.o(.text.mpu_set_sample_rate)
    mpu_set_sensors                          0x080093cd   Thumb Code   346  inv_mpu.o(.text.mpu_set_sensors)
    mpu_write_mem                            0x08009529   Thumb Code   190  inv_mpu.o(.text.mpu_write_mem)
    __0printf                                0x08009775   Thumb Code    22  printfa.o(i.__0printf)
    __1printf                                0x08009775   Thumb Code     0  printfa.o(i.__0printf)
    __2printf                                0x08009775   Thumb Code     0  printfa.o(i.__0printf)
    __c89printf                              0x08009775   Thumb Code     0  printfa.o(i.__0printf)
    printf                                   0x08009775   Thumb Code     0  printfa.o(i.__0printf)
    __ARM_fpclassify                         0x08009795   Thumb Code    40  fpclassify.o(i.__ARM_fpclassify)
    __ARM_fpclassifyf                        0x080097bd   Thumb Code    38  fpclassifyf.o(i.__ARM_fpclassifyf)
    __kernel_poly                            0x080097e3   Thumb Code   170  poly.o(i.__kernel_poly)
    __mathlib_dbl_infnan                     0x0800988d   Thumb Code     6  dunder.o(i.__mathlib_dbl_infnan)
    __mathlib_dbl_infnan2                    0x08009893   Thumb Code     4  dunder.o(i.__mathlib_dbl_infnan2)
    __mathlib_dbl_underflow                  0x08009899   Thumb Code    10  dunder.o(i.__mathlib_dbl_underflow)
    __mathlib_flt_infnan                     0x080098a9   Thumb Code     6  funder.o(i.__mathlib_flt_infnan)
    __mathlib_flt_invalid                    0x080098af   Thumb Code     8  funder.o(i.__mathlib_flt_invalid)
    __mathlib_flt_underflow                  0x080098b7   Thumb Code    10  funder.o(i.__mathlib_flt_underflow)
    __mathlib_rredf2                         0x080098c1   Thumb Code   344  rredf.o(i.__mathlib_rredf2)
    __scatterload_copy                       0x08009a29   Thumb Code    14  handlers.o(i.__scatterload_copy)
    __scatterload_null                       0x08009a37   Thumb Code     2  handlers.o(i.__scatterload_null)
    __scatterload_zeroinit                   0x08009a39   Thumb Code    14  handlers.o(i.__scatterload_zeroinit)
    __set_errno                              0x08009a49   Thumb Code     6  errno.o(i.__set_errno)
    atan                                     0x0800a309   Thumb Code   474  atan.o(i.atan)
    atan2                                    0x0800a529   Thumb Code   374  atan2.o(i.atan2)
    sinf                                     0x0800a6c5   Thumb Code   338  sinf.o(i.sinf)
    __mathlib_zero                           0x0800a8e8   Data           8  qnan.o(.constdata)
    AHBPrescTable                            0x0800a910   Data          16  system_stm32f1xx.o(.rodata.AHBPrescTable)
    APBPrescTable                            0x0800a920   Data           8  system_stm32f1xx.o(.rodata.APBPrescTable)
    hw                                       0x0800b51e   Data          12  inv_mpu.o(.rodata.hw)
    oled_ascll                               0x0800b52a   Data        1520  oled.o(.rodata.oled_ascll)
    reg                                      0x0800bb1a   Data          30  inv_mpu.o(.rodata.reg)
    test                                     0x0800bd78   Data          40  inv_mpu.o(.rodata.test)
    Region$$Table$$Base                      0x0800bda0   Number         0  anon$$obj.o(Region$$Table)
    Region$$Table$$Limit                     0x0800bdc0   Number         0  anon$$obj.o(Region$$Table)
    __stdout                                 0x20000000   Data           4  stdout.o(.data)
    SystemCoreClock                          0x20000008   Data           4  system_stm32f1xx.o(.data.SystemCoreClock)
    q0                                       0x20000018   Data           4  mpu6050.o(.data.q0)
    uwTickFreq                               0x20000048   Data           1  stm32f1xx_hal.o(.data.uwTickFreq)
    uwTickPrio                               0x2000004c   Data           4  stm32f1xx_hal.o(.data.uwTickPrio)
    GRAM                                     0x20000050   Data        1024  oled.o(.bss.GRAM)
    Pitch                                    0x20000450   Data           4  mpu6050.o(.bss.Pitch)
    Roll                                     0x20000454   Data           4  mpu6050.o(.bss.Roll)
    Yaw                                      0x20000458   Data           4  mpu6050.o(.bss.Yaw)
    accel                                    0x2000045c   Data           6  mpu6050.o(.bss.accel)
    gyro                                     0x20000474   Data           6  mpu6050.o(.bss.gyro)
    hdma_i2c1_rx                             0x2000047c   Data          68  i2c.o(.bss.hdma_i2c1_rx)
    hdma_spi1_tx                             0x200004c0   Data          68  spi.o(.bss.hdma_spi1_tx)
    hi2c1                                    0x20000504   Data          84  i2c.o(.bss.hi2c1)
    hspi1                                    0x20000558   Data          88  spi.o(.bss.hspi1)
    htim1                                    0x200005b0   Data          72  tim.o(.bss.htim1)
    huart1                                   0x200005f8   Data          68  usart.o(.bss.huart1)
    q1                                       0x2000063c   Data           4  mpu6050.o(.bss.q1)
    q2                                       0x20000640   Data           4  mpu6050.o(.bss.q2)
    q3                                       0x20000644   Data           4  mpu6050.o(.bss.q3)
    sensors                                  0x20000648   Data           2  mpu6050.o(.bss.sensors)
    uwTick                                   0x2000064c   Data           4  stm32f1xx_hal.o(.bss.uwTick)
    __initial_sp                             0x20000a50   Data           0  startup_stm32f103xe.o(STACK)



==============================================================================

Memory Map of the image

  Image Entry point : 0x08000131

  Load Region LR_IROM1 (Base: 0x08000000, Size: 0x0000be10, Max: 0x00080000, ABSOLUTE)

    Execution Region ER_IROM1 (Exec base: 0x08000000, Load base: 0x08000000, Size: 0x0000bdc0, Max: 0x00080000, ABSOLUTE)

    Exec Addr    Load Addr    Size         Type   Attr      Idx    E Section Name        Object

    0x08000000   0x08000000   0x00000130   Data   RO         1574    RESET               startup_stm32f103xe.o
    0x08000130   0x08000130   0x00000000   Code   RO         1589  * .ARM.Collect$$$$00000000  mc_w.l(entry.o)
    0x08000130   0x08000130   0x00000004   Code   RO         1697    .ARM.Collect$$$$00000001  mc_w.l(entry2.o)
    0x08000134   0x08000134   0x00000004   Code   RO         1700    .ARM.Collect$$$$00000004  mc_w.l(entry5.o)
    0x08000138   0x08000138   0x00000000   Code   RO         1702    .ARM.Collect$$$$00000008  mc_w.l(entry7b.o)
    0x08000138   0x08000138   0x00000000   Code   RO         1704    .ARM.Collect$$$$0000000A  mc_w.l(entry8b.o)
    0x08000138   0x08000138   0x00000008   Code   RO         1705    .ARM.Collect$$$$0000000B  mc_w.l(entry9a.o)
    0x08000140   0x08000140   0x00000000   Code   RO         1707    .ARM.Collect$$$$0000000D  mc_w.l(entry10a.o)
    0x08000140   0x08000140   0x00000000   Code   RO         1709    .ARM.Collect$$$$0000000F  mc_w.l(entry11a.o)
    0x08000140   0x08000140   0x00000004   Code   RO         1698    .ARM.Collect$$$$00002712  mc_w.l(entry2.o)
    0x08000144   0x08000144   0x00000024   Code   RO         1575    .text               startup_stm32f103xe.o
    0x08000168   0x08000168   0x00000062   Code   RO         1592    .text               mc_w.l(ldiv.o)
    0x080001ca   0x080001ca   0x00000008   Code   RO         1598    .text               mc_w.l(ilabs.o)
    0x080001d2   0x080001d2   0x00000024   Code   RO         1600    .text               mc_w.l(memseta.o)
    0x080001f6   0x080001f6   0x0000001a   Code   RO         1602    .text               mc_w.l(memcmp.o)
    0x08000210   0x08000210   0x000000b0   Code   RO         1632    .text               mf_w.l(fadd.o)
    0x080002c0   0x080002c0   0x00000064   Code   RO         1634    .text               mf_w.l(fmul.o)
    0x08000324   0x08000324   0x0000007c   Code   RO         1636    .text               mf_w.l(fdiv.o)
    0x080003a0   0x080003a0   0x0000014e   Code   RO         1638    .text               mf_w.l(dadd.o)
    0x080004ee   0x080004ee   0x000000e4   Code   RO         1640    .text               mf_w.l(dmul.o)
    0x080005d2   0x080005d2   0x0000001c   Code   RO         1642    .text               mf_w.l(fcmple.o)
    0x080005ee   0x080005ee   0x0000001c   Code   RO         1644    .text               mf_w.l(fcmplt.o)
    0x0800060a   0x0800060a   0x0000001c   Code   RO         1646    .text               mf_w.l(fcmpeq.o)
    0x08000626   0x08000626   0x00000012   Code   RO         1648    .text               mf_w.l(fflti.o)
    0x08000638   0x08000638   0x0000000a   Code   RO         1650    .text               mf_w.l(ffltui.o)
    0x08000642   0x08000642   0x00000032   Code   RO         1652    .text               mf_w.l(ffixi.o)
    0x08000674   0x08000674   0x00000026   Code   RO         1654    .text               mf_w.l(f2d.o)
    0x0800069a   0x0800069a   0x00000038   Code   RO         1656    .text               mf_w.l(d2f.o)
    0x080006d2   0x080006d2   0x0000002c   Code   RO         1721    .text               mc_w.l(uidiv.o)
    0x080006fe   0x080006fe   0x00000062   Code   RO         1723    .text               mc_w.l(uldiv.o)
    0x08000760   0x08000760   0x0000001e   Code   RO         1725    .text               mc_w.l(llshl.o)
    0x0800077e   0x0800077e   0x00000024   Code   RO         1727    .text               mc_w.l(llsshr.o)
    0x080007a2   0x080007a2   0x00000000   Code   RO         1736    .text               mc_w.l(iusefp.o)
    0x080007a2   0x080007a2   0x0000006e   Code   RO         1737    .text               mf_w.l(fepilogue.o)
    0x08000810   0x08000810   0x0000003c   Code   RO         1739    .text               mf_w.l(frnd.o)
    0x0800084c   0x0800084c   0x000000ba   Code   RO         1741    .text               mf_w.l(depilogue.o)
    0x08000906   0x08000906   0x000000de   Code   RO         1743    .text               mf_w.l(ddiv.o)
    0x080009e4   0x080009e4   0x00000030   Code   RO         1745    .text               mf_w.l(dfixul.o)
    0x08000a14   0x08000a14   0x00000030   Code   RO         1747    .text               mf_w.l(cdcmple.o)
    0x08000a44   0x08000a44   0x00000030   Code   RO         1749    .text               mf_w.l(cdrcmple.o)
    0x08000a74   0x08000a74   0x00000024   Code   RO         1755    .text               mc_w.l(init.o)
    0x08000a98   0x08000a98   0x00000020   Code   RO         1757    .text               mc_w.l(llushr.o)
    0x08000ab8   0x08000ab8   0x00000018   Code   RO         1759    .text               mf_w.l(fscalb.o)
    0x08000ad0   0x08000ad0   0x0000002e   Code   RO         1761    .text               mf_w.l(dscalb.o)
    0x08000afe   0x08000afe   0x00000002   PAD
    0x08000b00   0x08000b00   0x00000004   Code   RO           99    .text.BusFault_Handler  stm32f1xx_it.o
    0x08000b04   0x08000b04   0x00000010   Code   RO          111    .text.DMA1_Channel3_IRQHandler  stm32f1xx_it.o
    0x08000b14   0x08000b14   0x00000010   Code   RO          113    .text.DMA1_Channel7_IRQHandler  stm32f1xx_it.o
    0x08000b24   0x08000b24   0x00000050   Code   RO          742    .text.DMA_SetConfig  stm32f1xx_hal_dma.o
    0x08000b74   0x08000b74   0x000000e0   Code   RO          365    .text.DMP_Init      mpu6050.o
    0x08000c54   0x08000c54   0x00000002   Code   RO          105    .text.DebugMon_Handler  stm32f1xx_it.o
    0x08000c56   0x08000c56   0x00000002   PAD
    0x08000c58   0x08000c58   0x0000001c   Code   RO            6    .text.Error_Handler  main.o
    0x08000c74   0x08000c74   0x0000007c   Code   RO          746    .text.HAL_DMA_Abort  stm32f1xx_hal_dma.o
    0x08000cf0   0x08000cf0   0x00000318   Code   RO          748    .text.HAL_DMA_Abort_IT  stm32f1xx_hal_dma.o
    0x08001008   0x08001008   0x00000684   Code   RO          752    .text.HAL_DMA_IRQHandler  stm32f1xx_hal_dma.o
    0x0800168c   0x0800168c   0x000000f4   Code   RO          736    .text.HAL_DMA_Init  stm32f1xx_hal_dma.o
    0x08001780   0x08001780   0x000000ca   Code   RO          744    .text.HAL_DMA_Start_IT  stm32f1xx_hal_dma.o
    0x0800184a   0x0800184a   0x00000002   PAD
    0x0800184c   0x0800184c   0x00000042   Code   RO          619    .text.HAL_Delay     stm32f1xx_hal.o
    0x0800188e   0x0800188e   0x00000002   PAD
    0x08001890   0x08001890   0x00000356   Code   RO          713    .text.HAL_GPIO_Init  stm32f1xx_hal_gpio.o
    0x08001be6   0x08001be6   0x00000002   PAD
    0x08001be8   0x08001be8   0x0000002e   Code   RO          719    .text.HAL_GPIO_WritePin  stm32f1xx_hal_gpio.o
    0x08001c16   0x08001c16   0x00000002   PAD
    0x08001c18   0x08001c18   0x0000000c   Code   RO          611    .text.HAL_GetTick   stm32f1xx_hal.o
    0x08001c24   0x08001c24   0x000002a4   Code   RO          430    .text.HAL_I2C_Init  stm32f1xx_hal_i2c.o
    0x08001ec8   0x08001ec8   0x000004c6   Code   RO          484    .text.HAL_I2C_Mem_Read  stm32f1xx_hal_i2c.o
    0x0800238e   0x0800238e   0x00000002   PAD
    0x08002390   0x08002390   0x00000210   Code   RO          480    .text.HAL_I2C_Mem_Write  stm32f1xx_hal_i2c.o
    0x080025a0   0x080025a0   0x000000c8   Code   RO           35    .text.HAL_I2C_MspInit  i2c.o
    0x08002668   0x08002668   0x0000001a   Code   RO          609    .text.HAL_IncTick   stm32f1xx_hal.o
    0x08002682   0x08002682   0x00000002   PAD
    0x08002684   0x08002684   0x0000002c   Code   RO          599    .text.HAL_Init      stm32f1xx_hal.o
    0x080026b0   0x080026b0   0x00000070   Code   RO          601    .text.HAL_InitTick  stm32f1xx_hal.o
    0x08002720   0x08002720   0x00000064   Code   RO          128    .text.HAL_MspInit   stm32f1xx_hal_msp.o
    0x08002784   0x08002784   0x00000014   Code   RO          781    .text.HAL_NVIC_EnableIRQ  stm32f1xx_hal_cortex.o
    0x08002798   0x08002798   0x00000032   Code   RO          773    .text.HAL_NVIC_SetPriority  stm32f1xx_hal_cortex.o
    0x080027ca   0x080027ca   0x00000002   PAD
    0x080027cc   0x080027cc   0x00000010   Code   RO          769    .text.HAL_NVIC_SetPriorityGrouping  stm32f1xx_hal_cortex.o
    0x080027dc   0x080027dc   0x00000256   Code   RO          665    .text.HAL_RCC_ClockConfig  stm32f1xx_hal_rcc.o
    0x08002a32   0x08002a32   0x00000002   PAD
    0x08002a34   0x08002a34   0x0000000c   Code   RO          675    .text.HAL_RCC_GetHCLKFreq  stm32f1xx_hal_rcc.o
    0x08002a40   0x08002a40   0x00000022   Code   RO          677    .text.HAL_RCC_GetPCLK1Freq  stm32f1xx_hal_rcc.o
    0x08002a62   0x08002a62   0x00000002   PAD
    0x08002a64   0x08002a64   0x00000022   Code   RO          679    .text.HAL_RCC_GetPCLK2Freq  stm32f1xx_hal_rcc.o
    0x08002a86   0x08002a86   0x00000002   PAD
    0x08002a88   0x08002a88   0x000000e4   Code   RO          667    .text.HAL_RCC_GetSysClockFreq  stm32f1xx_hal_rcc.o
    0x08002b6c   0x08002b6c   0x0000067a   Code   RO          661    .text.HAL_RCC_OscConfig  stm32f1xx_hal_rcc.o
    0x080031e6   0x080031e6   0x00000002   PAD
    0x080031e8   0x080031e8   0x00000008   Code   RO         1061    .text.HAL_SPI_ErrorCallback  stm32f1xx_hal_spi.o
    0x080031f0   0x080031f0   0x000001fc   Code   RO         1057    .text.HAL_SPI_IRQHandler  stm32f1xx_hal_spi.o
    0x080033ec   0x080033ec   0x000000f8   Code   RO          977    .text.HAL_SPI_Init  stm32f1xx_hal_spi.o
    0x080034e4   0x080034e4   0x000000dc   Code   RO           50    .text.HAL_SPI_MspInit  spi.o
    0x080035c0   0x080035c0   0x00000284   Code   RO          985    .text.HAL_SPI_Transmit  stm32f1xx_hal_spi.o
    0x08003844   0x08003844   0x00000170   Code   RO         1017    .text.HAL_SPI_Transmit_DMA  stm32f1xx_hal_spi.o
    0x080039b4   0x080039b4   0x00000008   Code   RO         1063    .text.HAL_SPI_TxCpltCallback  stm32f1xx_hal_spi.o
    0x080039bc   0x080039bc   0x00000008   Code   RO         1069    .text.HAL_SPI_TxHalfCpltCallback  stm32f1xx_hal_spi.o
    0x080039c4   0x080039c4   0x00000010   Code   RO          793    .text.HAL_SYSTICK_Config  stm32f1xx_hal_cortex.o
    0x080039d4   0x080039d4   0x00000008   Code   RO         1417    .text.HAL_TIMEx_BreakCallback  stm32f1xx_hal_tim_ex.o
    0x080039dc   0x080039dc   0x00000008   Code   RO         1413    .text.HAL_TIMEx_CommutCallback  stm32f1xx_hal_tim_ex.o
    0x080039e4   0x080039e4   0x00000100   Code   RO         1407    .text.HAL_TIMEx_MasterConfigSynchronization  stm32f1xx_hal_tim_ex.o
    0x08003ae4   0x08003ae4   0x0000009c   Code   RO         1094    .text.HAL_TIM_Base_Init  stm32f1xx_hal_tim.o
    0x08003b80   0x08003b80   0x0000004e   Code   RO           65    .text.HAL_TIM_Base_MspInit  tim.o
    0x08003bce   0x08003bce   0x00000002   PAD
    0x08003bd0   0x08003bd0   0x00000176   Code   RO         1286    .text.HAL_TIM_ConfigClockSource  stm32f1xx_hal_tim.o
    0x08003d46   0x08003d46   0x00000002   PAD
    0x08003d48   0x08003d48   0x00000008   Code   RO         1230    .text.HAL_TIM_IC_CaptureCallback  stm32f1xx_hal_tim.o
    0x08003d50   0x08003d50   0x0000027a   Code   RO         1228    .text.HAL_TIM_IRQHandler  stm32f1xx_hal_tim.o
    0x08003fca   0x08003fca   0x00000002   PAD
    0x08003fcc   0x08003fcc   0x00000008   Code   RO         1232    .text.HAL_TIM_OC_DelayElapsedCallback  stm32f1xx_hal_tim.o
    0x08003fd4   0x08003fd4   0x00000008   Code   RO         1234    .text.HAL_TIM_PWM_PulseFinishedCallback  stm32f1xx_hal_tim.o
    0x08003fdc   0x08003fdc   0x00000008   Code   RO         1236    .text.HAL_TIM_PeriodElapsedCallback  stm32f1xx_hal_tim.o
    0x08003fe4   0x08003fe4   0x00000008   Code   RO         1238    .text.HAL_TIM_TriggerCallback  stm32f1xx_hal_tim.o
    0x08003fec   0x08003fec   0x0000000c   Code   RO         1520    .text.HAL_UARTEx_RxEventCallback  stm32f1xx_hal_uart.o
    0x08003ff8   0x08003ff8   0x00000008   Code   RO         1518    .text.HAL_UART_ErrorCallback  stm32f1xx_hal_uart.o
    0x08004000   0x08004000   0x00000344   Code   RO         1512    .text.HAL_UART_IRQHandler  stm32f1xx_hal_uart.o
    0x08004344   0x08004344   0x0000009a   Code   RO         1430    .text.HAL_UART_Init  stm32f1xx_hal_uart.o
    0x080043de   0x080043de   0x00000002   PAD
    0x080043e0   0x080043e0   0x000000ac   Code   RO           79    .text.HAL_UART_MspInit  usart.o
    0x0800448c   0x0800448c   0x00000008   Code   RO         1530    .text.HAL_UART_RxCpltCallback  stm32f1xx_hal_uart.o
    0x08004494   0x08004494   0x0000014e   Code   RO         1446    .text.HAL_UART_Transmit  stm32f1xx_hal_uart.o
    0x080045e2   0x080045e2   0x00000002   PAD
    0x080045e4   0x080045e4   0x00000008   Code   RO         1526    .text.HAL_UART_TxCpltCallback  stm32f1xx_hal_uart.o
    0x080045ec   0x080045ec   0x00000004   Code   RO           95    .text.HardFault_Handler  stm32f1xx_it.o
    0x080045f0   0x080045f0   0x00000064   Code   RO          590    .text.I2C_IsAcknowledgeFailed  stm32f1xx_hal_i2c.o
    0x08004654   0x08004654   0x000001e2   Code   RO          486    .text.I2C_RequestMemoryRead  stm32f1xx_hal_i2c.o
    0x08004836   0x08004836   0x00000002   PAD
    0x08004838   0x08004838   0x0000013a   Code   RO          482    .text.I2C_RequestMemoryWrite  stm32f1xx_hal_i2c.o
    0x08004972   0x08004972   0x00000002   PAD
    0x08004974   0x08004974   0x00000096   Code   RO          446    .text.I2C_WaitOnBTFFlagUntilTimeout  stm32f1xx_hal_i2c.o
    0x08004a0a   0x08004a0a   0x00000002   PAD
    0x08004a0c   0x08004a0c   0x000000be   Code   RO          440    .text.I2C_WaitOnFlagUntilTimeout  stm32f1xx_hal_i2c.o
    0x08004aca   0x08004aca   0x00000002   PAD
    0x08004acc   0x08004acc   0x00000110   Code   RO          588    .text.I2C_WaitOnMasterAddressFlagUntilTimeout  stm32f1xx_hal_i2c.o
    0x08004bdc   0x08004bdc   0x000000c6   Code   RO          452    .text.I2C_WaitOnRXNEFlagUntilTimeout  stm32f1xx_hal_i2c.o
    0x08004ca2   0x08004ca2   0x00000002   PAD
    0x08004ca4   0x08004ca4   0x00000094   Code   RO          444    .text.I2C_WaitOnTXEFlagUntilTimeout  stm32f1xx_hal_i2c.o
    0x08004d38   0x08004d38   0x0000006e   Code   RO          406    .text.IICwriteBit   mpui2c.o
    0x08004da6   0x08004da6   0x00000002   PAD
    0x08004da8   0x08004da8   0x000000ae   Code   RO          408    .text.IICwriteBits  mpui2c.o
    0x08004e56   0x08004e56   0x00000002   PAD
    0x08004e58   0x08004e58   0x0000002e   Code   RO          363    .text.MPU6050_initialize  mpu6050.o
    0x08004e86   0x08004e86   0x00000002   PAD
    0x08004e88   0x08004e88   0x00000020   Code   RO          345    .text.MPU6050_setClockSource  mpu6050.o
    0x08004ea8   0x08004ea8   0x00000020   Code   RO          351    .text.MPU6050_setFullScaleAccelRange  mpu6050.o
    0x08004ec8   0x08004ec8   0x00000020   Code   RO          349    .text.MPU6050_setFullScaleGyroRange  mpu6050.o
    0x08004ee8   0x08004ee8   0x0000001a   Code   RO          361    .text.MPU6050_setI2CBypassEnabled  mpu6050.o
    0x08004f02   0x08004f02   0x00000002   PAD
    0x08004f04   0x08004f04   0x0000001a   Code   RO          359    .text.MPU6050_setI2CMasterModeEnabled  mpu6050.o
    0x08004f1e   0x08004f1e   0x00000002   PAD
    0x08004f20   0x08004f20   0x0000001a   Code   RO          353    .text.MPU6050_setSleepEnabled  mpu6050.o
    0x08004f3a   0x08004f3a   0x00000002   PAD
    0x08004f3c   0x08004f3c   0x0000004c   Code   RO           25    .text.MX_DMA_Init   dma.o
    0x08004f88   0x08004f88   0x0000009a   Code   RO           17    .text.MX_GPIO_Init  gpio.o
    0x08005022   0x08005022   0x00000002   PAD
    0x08005024   0x08005024   0x00000048   Code   RO           33    .text.MX_I2C1_Init  i2c.o
    0x0800506c   0x0800506c   0x0000004e   Code   RO           48    .text.MX_SPI1_Init  spi.o
    0x080050ba   0x080050ba   0x00000002   PAD
    0x080050bc   0x080050bc   0x0000008a   Code   RO           63    .text.MX_TIM1_Init  tim.o
    0x08005146   0x08005146   0x00000002   PAD
    0x08005148   0x08005148   0x00000040   Code   RO           77    .text.MX_USART1_UART_Init  usart.o
    0x08005188   0x08005188   0x00000004   Code   RO           97    .text.MemManage_Handler  stm32f1xx_it.o
    0x0800518c   0x0800518c   0x00000004   Code   RO           93    .text.NMI_Handler   stm32f1xx_it.o
    0x08005190   0x08005190   0x0000006c   Code   RO          779    .text.NVIC_EncodePriority  stm32f1xx_hal_cortex.o
    0x080051fc   0x080051fc   0x00000038   Code   RO          144    .text.OLED_Clean    oled.o
    0x08005234   0x08005234   0x00000074   Code   RO          148    .text.OLED_DrawPixel  oled.o
    0x080052a8   0x080052a8   0x000000d6   Code   RO          136    .text.OLED_Init     oled.o
    0x0800537e   0x0800537e   0x00000002   PAD
    0x08005380   0x08005380   0x00000034   Code   RO          140    .text.OLED_Reset    oled.o
    0x080053b4   0x080053b4   0x00000026   Code   RO          146    .text.OLED_Update   oled.o
    0x080053da   0x080053da   0x00000002   PAD
    0x080053dc   0x080053dc   0x00000184   Code   RO          150    .text.OLED_WriteChar  oled.o
    0x08005560   0x08005560   0x00000032   Code   RO          138    .text.OLED_WriteCmd  oled.o
    0x08005592   0x08005592   0x00000002   PAD
    0x08005594   0x08005594   0x00000044   Code   RO          142    .text.OLED_WriteData  oled.o
    0x080055d8   0x080055d8   0x00000134   Code   RO          154    .text.OLED_WriteNumber  oled.o
    0x0800570c   0x0800570c   0x0000003e   Code   RO          152    .text.OLED_WriteString  oled.o
    0x0800574a   0x0800574a   0x00000002   PAD
    0x0800574c   0x0800574c   0x00000002   Code   RO          107    .text.PendSV_Handler  stm32f1xx_it.o
    0x0800574e   0x0800574e   0x00000002   PAD
    0x08005750   0x08005750   0x0000003a   Code   RO          663    .text.RCC_Delay     stm32f1xx_hal_rcc.o
    0x0800578a   0x0800578a   0x00000002   PAD
    0x0800578c   0x0800578c   0x00000240   Code   RO          371    .text.Read_DMP      mpu6050.o
    0x080059cc   0x080059cc   0x00000010   Code   RO          117    .text.SPI1_IRQHandler  stm32f1xx_it.o
    0x080059dc   0x080059dc   0x00000020   Code   RO         1059    .text.SPI_DMAAbortOnError  stm32f1xx_hal_spi.o
    0x080059fc   0x080059fc   0x00000034   Code   RO         1023    .text.SPI_DMAError  stm32f1xx_hal_spi.o
    0x08005a30   0x08005a30   0x00000016   Code   RO         1019    .text.SPI_DMAHalfTransmitCplt  stm32f1xx_hal_spi.o
    0x08005a46   0x08005a46   0x00000002   PAD
    0x08005a48   0x08005a48   0x000000a4   Code   RO         1021    .text.SPI_DMATransmitCplt  stm32f1xx_hal_spi.o
    0x08005aec   0x08005aec   0x00000042   Code   RO          987    .text.SPI_EndRxTxTransaction  stm32f1xx_hal_spi.o
    0x08005b2e   0x08005b2e   0x00000002   PAD
    0x08005b30   0x08005b30   0x0000012a   Code   RO         1085    .text.SPI_WaitFlagStateUntilTimeout  stm32f1xx_hal_spi.o
    0x08005c5a   0x08005c5a   0x00000002   PAD
    0x08005c5c   0x08005c5c   0x00000002   Code   RO          103    .text.SVC_Handler   stm32f1xx_it.o
    0x08005c5e   0x08005c5e   0x00000002   PAD
    0x08005c60   0x08005c60   0x00000052   Code   RO          795    .text.SysTick_Config  stm32f1xx_hal_cortex.o
    0x08005cb2   0x08005cb2   0x00000002   PAD
    0x08005cb4   0x08005cb4   0x00000008   Code   RO          109    .text.SysTick_Handler  stm32f1xx_it.o
    0x08005cbc   0x08005cbc   0x0000006c   Code   RO            4    .text.SystemClock_Config  main.o
    0x08005d28   0x08005d28   0x00000002   Code   RO         1559    .text.SystemInit    system_stm32f1xx.o
    0x08005d2a   0x08005d2a   0x00000002   PAD
    0x08005d2c   0x08005d2c   0x00000010   Code   RO          115    .text.TIM1_UP_IRQHandler  stm32f1xx_it.o
    0x08005d3c   0x08005d3c   0x00000140   Code   RO         1098    .text.TIM_Base_SetConfig  stm32f1xx_hal_tim.o
    0x08005e7c   0x08005e7c   0x00000034   Code   RO         1284    .text.TIM_ETR_SetConfig  stm32f1xx_hal_tim.o
    0x08005eb0   0x08005eb0   0x0000002a   Code   RO         1290    .text.TIM_ITRx_SetConfig  stm32f1xx_hal_tim.o
    0x08005eda   0x08005eda   0x00000002   PAD
    0x08005edc   0x08005edc   0x00000050   Code   RO         1288    .text.TIM_TI1_ConfigInputStage  stm32f1xx_hal_tim.o
    0x08005f2c   0x08005f2c   0x00000052   Code   RO         1292    .text.TIM_TI2_ConfigInputStage  stm32f1xx_hal_tim.o
    0x08005f7e   0x08005f7e   0x00000002   PAD
    0x08005f80   0x08005f80   0x00000020   Code   RO         1516    .text.UART_DMAAbortOnError  stm32f1xx_hal_uart.o
    0x08005fa0   0x08005fa0   0x00000046   Code   RO         1478    .text.UART_EndRxTransfer  stm32f1xx_hal_uart.o
    0x08005fe6   0x08005fe6   0x00000002   PAD
    0x08005fe8   0x08005fe8   0x00000026   Code   RO         1524    .text.UART_EndTransmit_IT  stm32f1xx_hal_uart.o
    0x0800600e   0x0800600e   0x00000002   PAD
    0x08006010   0x08006010   0x0000014a   Code   RO         1514    .text.UART_Receive_IT  stm32f1xx_hal_uart.o
    0x0800615a   0x0800615a   0x00000002   PAD
    0x0800615c   0x0800615c   0x000000ba   Code   RO         1434    .text.UART_SetConfig  stm32f1xx_hal_uart.o
    0x08006216   0x08006216   0x00000002   PAD
    0x08006218   0x08006218   0x00000094   Code   RO         1522    .text.UART_Transmit_IT  stm32f1xx_hal_uart.o
    0x080062ac   0x080062ac   0x0000009c   Code   RO         1448    .text.UART_WaitOnFlagUntilTimeout  stm32f1xx_hal_uart.o
    0x08006348   0x08006348   0x00000010   Code   RO          119    .text.USART1_IRQHandler  stm32f1xx_it.o
    0x08006358   0x08006358   0x00000004   Code   RO          101    .text.UsageFault_Handler  stm32f1xx_it.o
    0x0800635c   0x0800635c   0x00000030   Code   RO          783    .text.__NVIC_EnableIRQ  stm32f1xx_hal_cortex.o
    0x0800638c   0x0800638c   0x00000010   Code   RO          775    .text.__NVIC_GetPriorityGrouping  stm32f1xx_hal_cortex.o
    0x0800639c   0x0800639c   0x00000042   Code   RO          777    .text.__NVIC_SetPriority  stm32f1xx_hal_cortex.o
    0x080063de   0x080063de   0x00000002   PAD
    0x080063e0   0x080063e0   0x0000003c   Code   RO          771    .text.__NVIC_SetPriorityGrouping  stm32f1xx_hal_cortex.o
    0x0800641c   0x0800641c   0x000000e4   Code   RO          239    .text.accel_self_test  inv_mpu.o
    0x08006500   0x08006500   0x0000009c   Code   RO          321    .text.decode_gesture  inv_mpu_dmp_motion_driver.o
    0x0800659c   0x0800659c   0x00000046   Code   RO          313    .text.dmp_enable_6x_lp_quat  inv_mpu_dmp_motion_driver.o
    0x080065e2   0x080065e2   0x00000002   PAD
    0x080065e4   0x080065e4   0x000002aa   Code   RO          307    .text.dmp_enable_feature  inv_mpu_dmp_motion_driver.o
    0x0800688e   0x0800688e   0x00000002   PAD
    0x08006890   0x08006890   0x0000006a   Code   RO          309    .text.dmp_enable_gyro_cal  inv_mpu_dmp_motion_driver.o
    0x080068fa   0x080068fa   0x00000002   PAD
    0x080068fc   0x080068fc   0x00000046   Code   RO          311    .text.dmp_enable_lp_quat  inv_mpu_dmp_motion_driver.o
    0x08006942   0x08006942   0x00000002   PAD
    0x08006944   0x08006944   0x0000001a   Code   RO          271    .text.dmp_load_motion_driver_firmware  inv_mpu_dmp_motion_driver.o
    0x0800695e   0x0800695e   0x00000002   PAD
    0x08006960   0x08006960   0x000001d4   Code   RO          319    .text.dmp_read_fifo  inv_mpu_dmp_motion_driver.o
    0x08006b34   0x08006b34   0x00000156   Code   RO          277    .text.dmp_set_accel_bias  inv_mpu_dmp_motion_driver.o
    0x08006c8a   0x08006c8a   0x00000002   PAD
    0x08006c8c   0x08006c8c   0x000000a4   Code   RO          279    .text.dmp_set_fifo_rate  inv_mpu_dmp_motion_driver.o
    0x08006d30   0x08006d30   0x00000150   Code   RO          275    .text.dmp_set_gyro_bias  inv_mpu_dmp_motion_driver.o
    0x08006e80   0x08006e80   0x000001b0   Code   RO          273    .text.dmp_set_orientation  inv_mpu_dmp_motion_driver.o
    0x08007030   0x08007030   0x00000056   Code   RO          293    .text.dmp_set_shake_reject_thresh  inv_mpu_dmp_motion_driver.o
    0x08007086   0x08007086   0x00000002   PAD
    0x08007088   0x08007088   0x0000003e   Code   RO          295    .text.dmp_set_shake_reject_time  inv_mpu_dmp_motion_driver.o
    0x080070c6   0x080070c6   0x00000002   PAD
    0x080070c8   0x080070c8   0x0000003e   Code   RO          297    .text.dmp_set_shake_reject_timeout  inv_mpu_dmp_motion_driver.o
    0x08007106   0x08007106   0x00000002   PAD
    0x08007108   0x08007108   0x0000006c   Code   RO          285    .text.dmp_set_tap_axes  inv_mpu_dmp_motion_driver.o
    0x08007174   0x08007174   0x0000004a   Code   RO          287    .text.dmp_set_tap_count  inv_mpu_dmp_motion_driver.o
    0x080071be   0x080071be   0x00000002   PAD
    0x080071c0   0x080071c0   0x000001fc   Code   RO          283    .text.dmp_set_tap_thresh  inv_mpu_dmp_motion_driver.o
    0x080073bc   0x080073bc   0x00000040   Code   RO          289    .text.dmp_set_tap_time  inv_mpu_dmp_motion_driver.o
    0x080073fc   0x080073fc   0x00000040   Code   RO          291    .text.dmp_set_tap_time_multi  inv_mpu_dmp_motion_driver.o
    0x0800743c   0x0800743c   0x00000022   Code   RO           83    .text.fputc         usart.o
    0x0800745e   0x0800745e   0x00000002   PAD
    0x08007460   0x08007460   0x00000106   Code   RO          257    .text.get_accel_prod_shift  inv_mpu.o
    0x08007566   0x08007566   0x00000002   PAD
    0x08007568   0x08007568   0x00000560   Code   RO          237    .text.get_st_biases  inv_mpu.o
    0x08007ac8   0x08007ac8   0x00000162   Code   RO          241    .text.gyro_self_test  inv_mpu.o
    0x08007c2a   0x08007c2a   0x00000002   PAD
    0x08007c2c   0x08007c2c   0x00000044   Code   RO          404    .text.i2c_read      mpui2c.o
    0x08007c70   0x08007c70   0x00000044   Code   RO          402    .text.i2c_write     mpui2c.o
    0x08007cb4   0x08007cb4   0x00000044   Code   RO          367    .text.inv_orientation_matrix_to_scalar  mpu6050.o
    0x08007cf8   0x08007cf8   0x0000009c   Code   RO          375    .text.inv_row_2_scale  mpu6050.o
    0x08007d94   0x08007d94   0x00000170   Code   RO            2    .text.main          main.o
    0x08007f04   0x08007f04   0x000000d2   Code   RO          183    .text.mpu_configure_fifo  inv_mpu.o
    0x08007fd6   0x08007fd6   0x00000002   PAD
    0x08007fd8   0x08007fd8   0x0000006c   Code   RO          205    .text.mpu_get_accel_fsr  inv_mpu.o
    0x08008044   0x08008044   0x00000074   Code   RO          217    .text.mpu_get_accel_sens  inv_mpu.o
    0x080080b8   0x080080b8   0x00000018   Code   RO          219    .text.mpu_get_fifo_config  inv_mpu.o
    0x080080d0   0x080080d0   0x00000054   Code   RO          203    .text.mpu_get_gyro_fsr  inv_mpu.o
    0x08008124   0x08008124   0x00000068   Code   RO          215    .text.mpu_get_gyro_sens  inv_mpu.o
    0x0800818c   0x0800818c   0x00000064   Code   RO          207    .text.mpu_get_lpf   inv_mpu.o
    0x080081f0   0x080081f0   0x00000038   Code   RO          209    .text.mpu_get_sample_rate  inv_mpu.o
    0x08008228   0x08008228   0x00000250   Code   RO          173    .text.mpu_init      inv_mpu.o
    0x08008478   0x08008478   0x00000134   Code   RO          247    .text.mpu_load_firmware  inv_mpu.o
    0x080085ac   0x080085ac   0x0000012a   Code   RO          189    .text.mpu_lp_accel_mode  inv_mpu.o
    0x080086d6   0x080086d6   0x00000002   PAD
    0x080086d8   0x080086d8   0x00000128   Code   RO          229    .text.mpu_read_fifo_stream  inv_mpu.o
    0x08008800   0x08008800   0x000000be   Code   RO          245    .text.mpu_read_mem  inv_mpu.o
    0x080088be   0x080088be   0x00000002   PAD
    0x080088c0   0x080088c0   0x00000290   Code   RO          201    .text.mpu_reset_fifo  inv_mpu.o
    0x08008b50   0x08008b50   0x00000188   Code   RO          233    .text.mpu_run_self_test  inv_mpu.o
    0x08008cd8   0x08008cd8   0x000000c8   Code   RO          177    .text.mpu_set_accel_fsr  inv_mpu.o
    0x08008da0   0x08008da0   0x000001f2   Code   RO          185    .text.mpu_set_bypass  inv_mpu.o
    0x08008f92   0x08008f92   0x00000002   PAD
    0x08008f94   0x08008f94   0x000000d0   Code   RO          235    .text.mpu_set_dmp_state  inv_mpu.o
    0x08009064   0x08009064   0x000000d0   Code   RO          175    .text.mpu_set_gyro_fsr  inv_mpu.o
    0x08009134   0x08009134   0x000000b8   Code   RO          191    .text.mpu_set_int_latched  inv_mpu.o
    0x080091ec   0x080091ec   0x000000e2   Code   RO          179    .text.mpu_set_lpf   inv_mpu.o
    0x080092ce   0x080092ce   0x00000002   PAD
    0x080092d0   0x080092d0   0x000000fa   Code   RO          181    .text.mpu_set_sample_rate  inv_mpu.o
    0x080093ca   0x080093ca   0x00000002   PAD
    0x080093cc   0x080093cc   0x0000015a   Code   RO          187    .text.mpu_set_sensors  inv_mpu.o
    0x08009526   0x08009526   0x00000002   PAD
    0x08009528   0x08009528   0x000000be   Code   RO          243    .text.mpu_write_mem  inv_mpu.o
    0x080095e6   0x080095e6   0x00000002   PAD
    0x080095e8   0x080095e8   0x00000096   Code   RO          369    .text.run_self_test  mpu6050.o
    0x0800967e   0x0800967e   0x00000002   PAD
    0x08009680   0x08009680   0x000000f2   Code   RO          221    .text.set_int_enable  inv_mpu.o
    0x08009772   0x08009772   0x00000002   PAD
    0x08009774   0x08009774   0x00000020   Code   RO         1605    i.__0printf         mc_w.l(printfa.o)
    0x08009794   0x08009794   0x00000028   Code   RO         1751    i.__ARM_fpclassify  m_ws.l(fpclassify.o)
    0x080097bc   0x080097bc   0x00000026   Code   RO         1677    i.__ARM_fpclassifyf  m_ws.l(fpclassifyf.o)
    0x080097e2   0x080097e2   0x000000aa   Code   RO         1753    i.__kernel_poly     m_ws.l(poly.o)
    0x0800988c   0x0800988c   0x00000006   Code   RO         1664    i.__mathlib_dbl_infnan  m_ws.l(dunder.o)
    0x08009892   0x08009892   0x00000004   Code   RO         1665    i.__mathlib_dbl_infnan2  m_ws.l(dunder.o)
    0x08009896   0x08009896   0x00000002   PAD
    0x08009898   0x08009898   0x00000010   Code   RO         1669    i.__mathlib_dbl_underflow  m_ws.l(dunder.o)
    0x080098a8   0x080098a8   0x00000006   Code   RO         1680    i.__mathlib_flt_infnan  m_ws.l(funder.o)
    0x080098ae   0x080098ae   0x00000008   Code   RO         1682    i.__mathlib_flt_invalid  m_ws.l(funder.o)
    0x080098b6   0x080098b6   0x0000000a   Code   RO         1685    i.__mathlib_flt_underflow  m_ws.l(funder.o)
    0x080098c0   0x080098c0   0x00000168   Code   RO         1694    i.__mathlib_rredf2  m_ws.l(rredf.o)
    0x08009a28   0x08009a28   0x0000000e   Code   RO         1765    i.__scatterload_copy  mc_w.l(handlers.o)
    0x08009a36   0x08009a36   0x00000002   Code   RO         1766    i.__scatterload_null  mc_w.l(handlers.o)
    0x08009a38   0x08009a38   0x0000000e   Code   RO         1767    i.__scatterload_zeroinit  mc_w.l(handlers.o)
    0x08009a46   0x08009a46   0x00000002   PAD
    0x08009a48   0x08009a48   0x0000000c   Code   RO         1731    i.__set_errno       mc_w.l(errno.o)
    0x08009a54   0x08009a54   0x00000184   Code   RO         1612    i._fp_digits        mc_w.l(printfa.o)
    0x08009bd8   0x08009bd8   0x000006dc   Code   RO         1613    i._printf_core      mc_w.l(printfa.o)
    0x0800a2b4   0x0800a2b4   0x00000024   Code   RO         1614    i._printf_post_padding  mc_w.l(printfa.o)
    0x0800a2d8   0x0800a2d8   0x0000002e   Code   RO         1615    i._printf_pre_padding  mc_w.l(printfa.o)
    0x0800a306   0x0800a306   0x00000002   PAD
    0x0800a308   0x0800a308   0x00000220   Code   RO         1659    i.atan              m_ws.l(atan.o)
    0x0800a528   0x0800a528   0x0000019c   Code   RO         1582    i.atan2             m_ws.l(atan2.o)
    0x0800a6c4   0x0800a6c4   0x00000188   Code   RO         1586    i.sinf              m_ws.l(sinf.o)
    0x0800a84c   0x0800a84c   0x00000004   PAD
    0x0800a850   0x0800a850   0x00000098   Data   RO         1660    .constdata          m_ws.l(atan.o)
    0x0800a8e8   0x0800a8e8   0x00000008   Data   RO         1693    .constdata          m_ws.l(qnan.o)
    0x0800a8f0   0x0800a8f0   0x00000020   Data   RO         1695    .constdata          m_ws.l(rredf.o)
    0x0800a910   0x0800a910   0x00000010   Data   RO         1564    .rodata.AHBPrescTable  system_stm32f1xx.o
    0x0800a920   0x0800a920   0x00000008   Data   RO         1565    .rodata.APBPrescTable  system_stm32f1xx.o
    0x0800a928   0x0800a928   0x00000bf6   Data   RO          327    .rodata.dmp_memory  inv_mpu_dmp_motion_driver.o
    0x0800b51e   0x0800b51e   0x0000000c   Data   RO          260    .rodata.hw          inv_mpu.o
    0x0800b52a   0x0800b52a   0x000005f0   Data   RO          158    .rodata.oled_ascll  oled.o
    0x0800bb1a   0x0800bb1a   0x0000001e   Data   RO          259    .rodata.reg         inv_mpu.o
    0x0800bb38   0x0800bb38   0x0000005a   Data   RO            8    .rodata.str1.1      main.o
    0x0800bb92   0x0800bb92   0x00000091   Data   RO          263    .rodata.str1.1      inv_mpu.o
    0x0800bc23   0x0800bc23   0x00000153   Data   RO          389    .rodata.str1.1      mpu6050.o
    0x0800bd76   0x0800bd76   0x00000002   PAD
    0x0800bd78   0x0800bd78   0x00000028   Data   RO          261    .rodata.test        inv_mpu.o
    0x0800bda0   0x0800bda0   0x00000020   Data   RO         1764    Region$$Table       anon$$obj.o


    Execution Region RW_IRAM1 (Exec base: 0x20000000, Load base: 0x0800bdc0, Size: 0x00000a50, Max: 0x00010000, ABSOLUTE)

    Exec Addr    Load Addr    Size         Type   Attr      Idx    E Section Name        Object

    0x20000000   0x0800bdc0   0x00000004   Data   RW         1711    .data               mc_w.l(stdout.o)
    0x20000004   0x0800bdc4   0x00000004   Data   RW         1732    .data               mc_w.l(errno.o)
    0x20000008   0x0800bdc8   0x00000004   Data   RW         1563    .data.SystemCoreClock  system_stm32f1xx.o
    0x2000000c   0x0800bdcc   0x00000009   Data   RW          390    .data.gyro_orientation  mpu6050.o
    0x20000015   0x0800bdd5   0x00000003   PAD
    0x20000018   0x0800bdd8   0x00000004   Data   RW          380    .data.q0            mpu6050.o
    0x2000001c   0x0800bddc   0x0000002c   Data   RW          262    .data.st            inv_mpu.o
    0x20000048   0x0800be08   0x00000001   Data   RW          650    .data.uwTickFreq    stm32f1xx_hal.o
    0x20000049   0x0800be09   0x00000003   PAD
    0x2000004c   0x0800be0c   0x00000004   Data   RW          649    .data.uwTickPrio    stm32f1xx_hal.o
    0x20000050        -       0x00000400   Zero   RW          159    .bss.GRAM           oled.o
    0x20000450        -       0x00000004   Zero   RW          377    .bss.Pitch          mpu6050.o
    0x20000454        -       0x00000004   Zero   RW          379    .bss.Roll           mpu6050.o
    0x20000458        -       0x00000004   Zero   RW          378    .bss.Yaw            mpu6050.o
    0x2000045c        -       0x00000006   Zero   RW          392    .bss.accel          mpu6050.o
    0x20000462   0x0800be10   0x00000002   PAD
    0x20000464        -       0x00000010   Zero   RW          332    .bss.dmp            inv_mpu_dmp_motion_driver.o
    0x20000474        -       0x00000006   Zero   RW          391    .bss.gyro           mpu6050.o
    0x2000047a   0x0800be10   0x00000002   PAD
    0x2000047c        -       0x00000044   Zero   RW           40    .bss.hdma_i2c1_rx   i2c.o
    0x200004c0        -       0x00000044   Zero   RW           55    .bss.hdma_spi1_tx   spi.o
    0x20000504        -       0x00000054   Zero   RW           39    .bss.hi2c1          i2c.o
    0x20000558        -       0x00000058   Zero   RW           54    .bss.hspi1          spi.o
    0x200005b0        -       0x00000048   Zero   RW           69    .bss.htim1          tim.o
    0x200005f8        -       0x00000044   Zero   RW           85    .bss.huart1         usart.o
    0x2000063c        -       0x00000004   Zero   RW          381    .bss.q1             mpu6050.o
    0x20000640        -       0x00000004   Zero   RW          382    .bss.q2             mpu6050.o
    0x20000644        -       0x00000004   Zero   RW          383    .bss.q3             mpu6050.o
    0x20000648        -       0x00000002   Zero   RW          393    .bss.sensors        mpu6050.o
    0x2000064a   0x0800be10   0x00000002   PAD
    0x2000064c        -       0x00000004   Zero   RW          651    .bss.uwTick         stm32f1xx_hal.o
    0x20000650        -       0x00000400   Zero   RW         1572    STACK               startup_stm32f103xe.o


==============================================================================

Image component sizes


      Code (inc. data)   RO Data    RW Data    ZI Data      Debug   Object Name

        76          0          0          0          0       2285   dma.o
       154          0          0          0          0       1460   gpio.o
       272          0          0          0        152       4296   i2c.o
      8306         40        227         44          0      18921   inv_mpu.o
      3880         16       3062          0         16       8608   inv_mpu_dmp_motion_driver.o
       504          0         90          0          0       1818   main.o
      1394          0        339         13         38       4655   mpu6050.o
       420          0          0          0          0       1593   mpui2c.o
      1352          0       1520          0       1024       4220   oled.o
       298          0          0          0        156       5518   spi.o
        36          8        304          0       1024        752   startup_stm32f103xe.o
       260          0          0          5          4       5849   stm32f1xx_hal.o
       482          0          0          0          0       7802   stm32f1xx_hal_cortex.o
      3110          0          0          0          0       7241   stm32f1xx_hal_dma.o
       900          0          0          0          0       4212   stm32f1xx_hal_gpio.o
      4280          0          0          0          0      36956   stm32f1xx_hal_i2c.o
       100          0          0          0          0       1154   stm32f1xx_hal_msp.o
      2622          0          0          0          0       7350   stm32f1xx_hal_rcc.o
      2426          0          0          0          0      19104   stm32f1xx_hal_spi.o
      1780          0          0          0          0      34611   stm32f1xx_hal_tim.o
       272          0          0          0          0      14688   stm32f1xx_hal_tim_ex.o
      2320          0          0          0          0      17686   stm32f1xx_hal_uart.o
       114          0          0          0          0       1466   stm32f1xx_it.o
         2          0         24          4          0       1525   system_stm32f1xx.o
       216          0          0          0         72       5838   tim.o
       270          0          0          0         68       5762   usart.o

    ----------------------------------------------------------------------
     35992         64       5600         72       2560     225370   Object Totals
         0          0         32          0          0          0   (incl. Generated)
       146          0          2          6          6          0   (incl. Padding)

    ----------------------------------------------------------------------

      Code (inc. data)   RO Data    RW Data    ZI Data      Debug   Library Member Name

       544         70        152          0          0        124   atan.o
       412         38          0          0          0        144   atan2.o
        26          6          0          0          0        204   dunder.o
        40          0          0          0          0         68   fpclassify.o
        38          0          0          0          0         68   fpclassifyf.o
        24          0          0          0          0        204   funder.o
       170          0          0          0          0         96   poly.o
         0          0          8          0          0          0   qnan.o
       360         16         32          0          0         88   rredf.o
       392         54          0          0          0        124   sinf.o
         0          0          0          0          0          0   entry.o
         0          0          0          0          0          0   entry10a.o
         0          0          0          0          0          0   entry11a.o
         8          4          0          0          0          0   entry2.o
         4          0          0          0          0          0   entry5.o
         0          0          0          0          0          0   entry7b.o
         0          0          0          0          0          0   entry8b.o
         8          4          0          0          0          0   entry9a.o
        12          6          0          4          0         68   errno.o
        30          0          0          0          0          0   handlers.o
         8          0          0          0          0         68   ilabs.o
        36          8          0          0          0         68   init.o
         0          0          0          0          0          0   iusefp.o
        98          0          0          0          0         84   ldiv.o
        30          0          0          0          0         68   llshl.o
        36          0          0          0          0         68   llsshr.o
        32          0          0          0          0         68   llushr.o
        26          0          0          0          0         80   memcmp.o
        36          0          0          0          0        108   memseta.o
      2258         90          0          0          0        452   printfa.o
         0          0          0          4          0          0   stdout.o
        44          0          0          0          0         80   uidiv.o
        98          0          0          0          0         92   uldiv.o
        48          0          0          0          0         68   cdcmple.o
        48          0          0          0          0         68   cdrcmple.o
        56          0          0          0          0         88   d2f.o
       334          0          0          0          0        148   dadd.o
       222          0          0          0          0        100   ddiv.o
       186          0          0          0          0        176   depilogue.o
        48          0          0          0          0         68   dfixul.o
       228          0          0          0          0         96   dmul.o
        46          0          0          0          0         80   dscalb.o
        38          0          0          0          0         68   f2d.o
       176          0          0          0          0        140   fadd.o
        28          0          0          0          0         68   fcmpeq.o
        28          0          0          0          0         68   fcmple.o
        28          0          0          0          0         68   fcmplt.o
       124          0          0          0          0         88   fdiv.o
       110          0          0          0          0        168   fepilogue.o
        50          0          0          0          0         68   ffixi.o
        18          0          0          0          0         68   fflti.o
        10          0          0          0          0         68   ffltui.o
       100          0          0          0          0         76   fmul.o
        60          0          0          0          0         76   frnd.o
        24          0          0          0          0         68   fscalb.o

    ----------------------------------------------------------------------
      6792        300        192          8          0       4408   Library Totals
        12          4          0          0          0          0   (incl. Padding)

    ----------------------------------------------------------------------

      Code (inc. data)   RO Data    RW Data    ZI Data      Debug   Library Name

      2006        184        192          0          0       1120   m_ws.l
      2764        112          0          8          0       1304   mc_w.l
      2010          0          0          0          0       1984   mf_w.l

    ----------------------------------------------------------------------
      6792        300        192          8          0       4408   Library Totals

    ----------------------------------------------------------------------

==============================================================================


      Code (inc. data)   RO Data    RW Data    ZI Data      Debug   

     42784        364       5792         80       2560     227006   Grand Totals
     42784        364       5792         80       2560     227006   ELF Image Totals
     42784        364       5792         80          0          0   ROM Totals

==============================================================================

    Total RO  Size (Code + RO Data)                48576 (  47.44kB)
    Total RW  Size (RW Data + ZI Data)              2640 (   2.58kB)
    Total ROM Size (Code + RO Data + RW Data)      48656 (  47.52kB)

==============================================================================

